******************************************************************************
               TMS320C6x Linker PC v8.2.2                      
******************************************************************************
>> Linked Sun Sep 20 00:17:58 2026

OUTPUT FILE NAME:   <q06-near.out>
ENTRY POINT SYMBOL: "_c_int00"  address: 11800000


MEMORY CONFIGURATION

         name            origin    length      used     unused   attr    fill
----------------------  --------  ---------  --------  --------  ----  --------
  L2RAM                 11800000   00040000  00000024  0003ffdc  RWIX
  DDR                   c0000000   04000000  00000004  03fffffc  RWIX


SEGMENT ALLOCATION MAP

run origin  load origin   length   init length attrs members
----------  ----------- ---------- ----------- ----- -------
11800000    11800000    00000024   00000024    r-x
  11800000    11800000    00000020   00000020    r-x .text
  11800020    11800020    00000004   00000004    r-- .neardata
c0000000    c0000000    00000004   00000004    r--
  c0000000    c0000000    00000004   00000004    r-- .far


SECTION ALLOCATION MAP

 output                                  attributes/
section   page    origin      length       input sections
--------  ----  ----------  ----------   ----------------
.text      0    11800000    00000020     
                  11800000    00000020     q06-near.obj (.text)

.neardata 
*          0    11800020    00000004     
                  11800020    00000004     q06-near.obj (.neardata)

.cinit     0    11800000    00000000     UNINITIALIZED

.init_array 
*          0    11800000    00000000     UNINITIALIZED

.far       0    c0000000    00000004     
                  c0000000    00000004     q06-near.obj (.far)

MODULE SUMMARY

       Module         code   ro data   rw data
       ------         ----   -------   -------
    <current directory>
       q06-near.obj   32     8         0      
    +--+--------------+------+---------+---------+
       Total:         32     8         0      
                                              
    +--+--------------+------+---------+---------+
       Grand Total:   32     8         0      


GLOBAL SYMBOLS: SORTED ALPHABETICALLY BY Name 

address   name                
-------   ----                
00000000  __TI_STATIC_BASE    
ffffffff  __TI_pprof_out_hndl 
ffffffff  __TI_prof_data_size 
ffffffff  __TI_prof_data_start
ffffffff  __binit__           
ffffffff  __c_args__          
11800000  _c_int00            
ffffffff  binit               


GLOBAL SYMBOLS: SORTED BY Symbol Address 

address   name                
-------   ----                
00000000  __TI_STATIC_BASE    
11800000  _c_int00            
ffffffff  __TI_pprof_out_hndl 
ffffffff  __TI_prof_data_size 
ffffffff  __TI_prof_data_start
ffffffff  __binit__           
ffffffff  __c_args__          
ffffffff  binit               

[8 symbols]
