******************************************************************************
               TMS320C6x Linker PC v8.2.2                      
******************************************************************************
>> Linked Sun Sep 20 21:45:54 2026

OUTPUT FILE NAME:   <q07-lib.out>
ENTRY POINT SYMBOL: "_c_int00"  address: c0007640


MEMORY CONFIGURATION

         name            origin    length      used     unused   attr    fill
----------------------  --------  ---------  --------  --------  ----  --------
  RAM                   c0000000   04000000  00009452  03ff6bae  RWIX


SEGMENT ALLOCATION MAP

run origin  load origin   length   init length attrs members
----------  ----------- ---------- ----------- ----- -------
c0000000    c0000000    00004000   00000000    rw-
  c0000000    c0000000    00004000   00000000    rw- .stack
c0004000    c0004000    00003fc0   00003fc0    r-x
  c0004000    c0004000    00003fc0   00003fc0    r-x .text
c0007fc0    c0007fc0    00001000   00000000    rw-
  c0007fc0    c0007fc0    00001000   00000000    rw- .sysmem
c0008fc0    c0008fc0    000002e8   000002e8    r--
  c0008fc0    c0008fc0    0000026a   0000026a    r-- .const
  c000922c    c000922c    0000007c   0000007c    r-- .c6xabi.extab
c00092a8    c00092a8    00000020   00000000    rw-
  c00092a8    c00092a8    00000020   00000000    rw- .fardata
c00092c8    c00092c8    00000190   00000190    r--
  c00092c8    c00092c8    00000014   00000014    r-- .switch
  c00092e0    c00092e0    00000030   00000030    r-- .cinit
  c0009310    c0009310    00000148   00000148    r-- .c6xabi.exidx


SECTION ALLOCATION MAP

 output                                  attributes/
section   page    origin      length       input sections
--------  ----  ----------  ----------   ----------------
.text      0    c0004000    00003fc0     
                  c0004000    00000640     rts6740_elf_eh.lib : tdeh_pr_c6000.obj (.text:_Z14process_unwindP15_Unwind_Context15_Unwind_PR_KindPj)
                  c0004640    00000580                        : rtti.obj (.text:_Z28derived_to_base_conversion_rPvPS_PKN10__cxxabiv117__class_type_infoES4_jPiiPS4_P19a_result_virtualityS5_)
                  c0004bc0    000004c0                        : tdeh_cpp_abi.obj (.text:__cxa_type_match)
                  c0005080    00000440                        : memory.obj (.text:free)
                  c00054c0    000003c0                        : tdeh_pr_common.obj (.text:_Z24__TI_process_descriptors13_Unwind_PhaseP19_Unwind_Exception_sP15_Unwind_Context15_Unwind_PR_KindPjP19_Unwind_Reason_CodePb)
                  c0005880    00000260                        : tdeh_pr_c6000.obj (.text:_Z26process_unwind_pop_bitmaskP15_Unwind_Context15_Unwind_PR_Kindjbb)
                  c0005ae0    00000240                        : tdeh_pr_common.obj (.text:_Z14process_fespecP19_Unwind_Exception_s13_Unwind_PhaseP15_Unwind_ContextPPjjjP19_Unwind_Reason_CodePb)
                  c0005d20    000001e0                        : tdeh_cpp_abi.obj (.text:__cxa_call_unexpected)
                  c0005f00    000001a0                        : memory.obj (.text:malloc)
                  c00060a0    00000160                        : tdeh_pr_c6000.obj (.text:_Z18__TI_unwind_cpp_pr13_Unwind_PhaseP19_Unwind_Exception_sP15_Unwind_Context15_Unwind_PR_Kind)
                  c0006200    00000160                        : autoinit.obj (.text:_auto_init_elf)
                  c0006360    00000140                        : tdeh_cpp_abi.obj (.text:__cxa_end_catch)
                  c00064a0    00000120                        : tdeh_pr_c6000.obj (.text:_Z16__TI_targ_set_prP19_Unwind_Exception_s)
                  c00065c0    00000120                        : tdeh_unwinder.obj (.text:__TI_Unwind_RaiseException2)
                  c00066e0    00000120                        : tdeh_uwentry_c6000.obj (.text)
                  c0006800    00000100                        : tdeh_unwinder.obj (.text:_Z16find_et_setup_prP19_Unwind_Exception_sj)
                  c0006900    00000100                        : copy_decompress_rle.obj (.text:__TI_decompress_rle_core)
                  c0006a00    00000100                        : tdeh_cpp_abi.obj (.text:__cxa_allocate_exception)
                  c0006b00    00000100                        : tdeh_cpp_abi.obj (.text:__cxa_get_globals)
                  c0006c00    00000100                        : rtti.obj (.text:__derived_to_base_conversion)
                  c0006d00    00000100                        : cpy_tbl.obj (.text:copy_in)
                  c0006e00    000000e0                        : tdeh_unwinder.obj (.text:__TI_Unwind_Resume)
                  c0006ee0    000000e0                        : tdeh_cpp_abi.obj (.text:__cxa_rethrow)
                  c0006fc0    000000e0                        : exit.obj (.text:exit)
                  c00070a0    000000e0                        : memset.obj (.text:memset)
                  c0007180    000000c0                        : bsearch.obj (.text:bsearch)
                  c0007240    000000c0                        : memory.obj (.text:mremove)
                  c0007300    000000c0                        : tls.obj (.text:tls:init:__TI_tls_init)
                  c00073c0    000000a0                        : tdeh_cpp_abi.obj (.text:__cxa_throw)
                  c0007460    000000a0                        : memory.obj (.text:_minit)
                  c0007500    000000a0                        : memcpy64.obj (.text:memcpy)
                  c00075a0    000000a0                        : memory.obj (.text:minsert)
                  c0007640    00000080                        : boot.obj (.text:_c_int00)
                  c00076c0    00000060                        : tdeh_cpp_abi.obj (.text:_Z37__TI_setup_handler_and_call_terminateP19_Unwind_Exception_s)
                  c0007720    00000060                        : typeinfo_.obj (.text:_ZNSt10bad_typeidD0Ev)
                  c0007780    00000060                        : tdeh_cpp_abi.obj (.text:_ZSt10unexpectedv)
                  c00077e0    00000060                        : tdeh_cpp_abi.obj (.text:_ZSt9terminatev)
                  c0007840    00000060                        : rtti.obj (.text:__cxa_bad_typeid)
                  c00078a0    00000060                        : tdeh_cpp_abi.obj (.text:__cxa_begin_catch)
                  c0007900    00000040                        : typeinfo_.obj (.text:_ZNSt10bad_typeidC1Ev)
                  c0007940    00000040                        : tdeh_pr_c6000.obj (.text:__TI_Unwind_RaiseException)
                  c0007980    00000040                        : tdeh_unwinder.obj (.text:__TI_ut_entry_cmp)
                  c00079c0    00000040                        : tdeh_cpp_abi.obj (.text:__cxa_begin_cleanup)
                  c0007a00    00000040                        : args_main.obj (.text:_args_main)
                  c0007a40    00000020                        : tdeh_unwinder.obj (.text:_Z13__TI_prel2absPKj)
                  c0007a60    00000020                        : tdeh_pr_c6000.obj (.text:_Z22__TI_targ_rtti_addressPjP15_Unwind_Context)
                  c0007a80    00000020                        : tdeh_pr_c6000.obj (.text:_Z23__TI_targ_regbuf_get_pcP15_Unwind_Context)
                  c0007aa0    00000020                        : tdeh_pr_c6000.obj (.text:_Z23__TI_targ_regbuf_get_sbP15_Unwind_Context)
                  c0007ac0    00000020                        : tdeh_pr_c6000.obj (.text:_Z23__TI_targ_regbuf_get_spP15_Unwind_Context)
                  c0007ae0    00000020                        : tdeh_pr_c6000.obj (.text:_Z23__TI_targ_regbuf_set_pcP15_Unwind_Contextj)
                  c0007b00    00000020                        : tdeh_pr_c6000.obj (.text:_Z24__TI_targ_regbuf_installP15_Unwind_Context)
                  c0007b20    00000020                        : tdeh_cpp_abi.obj (.text:_Z25__TI_default_term_handlerv)
                  c0007b40    00000020                        : tdeh_cpp_abi.obj (.text:_Z26__TI_default_unexp_handlerv)
                  c0007b60    00000020                        : tdeh_pr_c6000.obj (.text:_Z26__TI_targ_setup_call_parm0P15_Unwind_Contextj)
                  c0007b80    00000020                        : typeinfo_.obj (.text:_ZN10__cxxabiv117__class_type_infoD0Ev)
                  c0007ba0    00000020                        : typeinfo_.obj (.text:_ZN10__cxxabiv117__class_type_infoD1Ev)
                  c0007bc0    00000020                        : typeinfo_.obj (.text:_ZN10__cxxabiv120__si_class_type_infoD0Ev)
                  c0007be0    00000020                        : typeinfo_.obj (.text:_ZN10__cxxabiv120__si_class_type_infoD1Ev)
                  c0007c00    00000020                        : typeinfo_.obj (.text:_ZN10__cxxabiv123__fundamental_type_infoD0Ev)
                  c0007c20    00000020                        : typeinfo_.obj (.text:_ZN10__cxxabiv123__fundamental_type_infoD1Ev)
                  c0007c40    00000020                        : typeinfo_.obj (.text:_ZNKSt10bad_typeid4whatEv)
                  c0007c60    00000020                        : exception_.obj (.text:_ZNKSt13bad_exception4whatEv)
                  c0007c80    00000020                        : exception_.obj (.text:_ZNKSt9exception4whatEv)
                  c0007ca0    00000020                        : typeinfo_.obj (.text:_ZNKSt9type_info4nameEv)
                  c0007cc0    00000020                        : typeinfo_.obj (.text:_ZNKSt9type_infoeqERKS_)
                  c0007ce0    00000020                        : typeinfo_.obj (.text:_ZNSt10bad_typeidD1Ev)
                  c0007d00    00000020                        : exception_.obj (.text:_ZNSt13bad_exceptionC1Ev)
                  c0007d20    00000020                        : exception_.obj (.text:_ZNSt13bad_exceptionD0Ev)
                  c0007d40    00000020                        : exception_.obj (.text:_ZNSt13bad_exceptionD1Ev)
                  c0007d60    00000020                        : exception_.obj (.text:_ZNSt9exceptionC1Ev)
                  c0007d80    00000020                        : exception_.obj (.text:_ZNSt9exceptionD0Ev)
                  c0007da0    00000020                        : exception_.obj (.text:_ZNSt9exceptionD1Ev)
                  c0007dc0    00000020                        : delete.obj (.text:_ZdlPv)
                  c0007de0    00000020                        : tdeh_cpp_abi.obj (.text:__TI_cxa_end_cleanup)
                  c0007e00    00000020                        : error.obj (.text:__abort_execution)
                  c0007e20    00000020                        : tdeh_pr_c6000.obj (.text:__c6xabi_unwind_cpp_pr0)
                  c0007e40    00000020                        : tdeh_pr_c6000.obj (.text:__c6xabi_unwind_cpp_pr1)
                  c0007e60    00000020                        : tdeh_pr_c6000.obj (.text:__c6xabi_unwind_cpp_pr2)
                  c0007e80    00000020                        : tdeh_pr_c6000.obj (.text:__c6xabi_unwind_cpp_pr3)
                  c0007ea0    00000020                        : tdeh_pr_c6000.obj (.text:__c6xabi_unwind_cpp_pr4)
                  c0007ec0    00000020                        : tdeh_init.obj (.text:__tdeh_init)
                  c0007ee0    00000020                        : _lock.obj (.text:_nop)
                  c0007f00    00000020                        : startup.obj (.text:_system_post_cinit)
                  c0007f20    00000020                        : pre_init.obj (.text:_system_pre_init)
                  c0007f40    00000020                        : exit.obj (.text:abort)
                  c0007f60    00000020                        : copy_decompress_none.obj (.text:decompress:none:__TI_decompress_none)
                  c0007f80    00000020                        : copy_decompress_rle.obj (.text:decompress:rle24:__TI_decompress_rle24)
                  c0007fa0    00000020     q07-lib.obj (.text)

.const     0    c0008fc0    0000026a     
                  c0008fc0    00000028     rts6740_elf_eh.lib : typeinfo_.obj (.const:.typeinfo:_ZTSN10__cxxabiv123__fundamental_type_infoE)
                  c0008fe8    00000026                        : typeinfo_.obj (.const:.typeinfo:_ZTSN10__cxxabiv121__vmi_class_type_infoE)
                  c000900e    00000002     --HOLE-- [fill = 0]
                  c0009010    00000025                        : typeinfo_.obj (.const:.typeinfo:_ZTSN10__cxxabiv120__si_class_type_infoE)
                  c0009035    00000003     --HOLE-- [fill = 0]
                  c0009038    00000024                        : typeinfo_.obj (.const:.typeinfo:_ZTSN10__cxxabiv119__pointer_type_infoE)
                  c000905c    00000004                        : exception_.obj (.const:.string)
                  c0009060    00000022                        : typeinfo_.obj (.const:.typeinfo:_ZTSN10__cxxabiv117__class_type_infoE)
                  c0009082    00000002     --HOLE-- [fill = 0]
                  c0009084    00000004                        : typeinfo_.obj (.const:.string)
                  c0009088    00000022                        : typeinfo_.obj (.const:.typeinfo:_ZTSN10__cxxabiv117__pbase_type_infoE)
                  c00090aa    00000006     --HOLE-- [fill = 0]
                  c00090b0    00000014                        : typeinfo_.obj (.const:_ZTVSt10bad_typeid)
                  c00090c4    00000004     --HOLE-- [fill = 0]
                  c00090c8    00000014                        : exception_.obj (.const:_ZTVSt13bad_exception)
                  c00090dc    00000004     --HOLE-- [fill = 0]
                  c00090e0    00000014                        : exception_.obj (.const:_ZTVSt9exception)
                  c00090f4    00000004     --HOLE-- [fill = 0]
                  c00090f8    00000012                        : exception_.obj (.const:.typeinfo:_ZTSSt13bad_exception)
                  c000910a    00000006     --HOLE-- [fill = 0]
                  c0009110    00000010                        : tdeh_pr_c6000.obj (.const:.string:BM_from_id_data)
                  c0009120    00000010                        : typeinfo_.obj (.const:_ZTVN10__cxxabiv117__class_type_infoE)
                  c0009130    00000010                        : typeinfo_.obj (.const:_ZTVN10__cxxabiv120__si_class_type_infoE)
                  c0009140    00000010                        : typeinfo_.obj (.const:_ZTVN10__cxxabiv123__fundamental_type_infoE)
                  c0009150    0000000f                        : typeinfo_.obj (.const:.typeinfo:_ZTSSt10bad_typeid)
                  c000915f    00000001     --HOLE-- [fill = 0]
                  c0009160    0000000d                        : tdeh_pr_c6000.obj (.const:.string:$P$T0$1)
                  c000916d    00000003     --HOLE-- [fill = 0]
                  c0009170    0000000d                        : tdeh_pr_c6000.obj (.const:.string:id_from_SD_data)
                  c000917d    00000003     --HOLE-- [fill = 0]
                  c0009180    0000000d                        : exception_.obj (.const:.typeinfo:_ZTSSt9exception)
                  c000918d    00000003     --HOLE-- [fill = 0]
                  c0009190    0000000d                        : typeinfo_.obj (.const:.typeinfo:_ZTSSt9type_info)
                  c000919d    00000003     --HOLE-- [fill = 0]
                  c00091a0    0000000c                        : tdeh_cpp_abi.obj (.const:.string)
                  c00091ac    0000000c                        : typeinfo_.obj (.const:.typeinfo:_ZTIN10__cxxabiv117__class_type_infoE)
                  c00091b8    0000000c                        : typeinfo_.obj (.const:.typeinfo:_ZTIN10__cxxabiv117__pbase_type_infoE)
                  c00091c4    0000000c                        : typeinfo_.obj (.const:.typeinfo:_ZTIN10__cxxabiv119__pointer_type_infoE)
                  c00091d0    0000000c                        : typeinfo_.obj (.const:.typeinfo:_ZTIN10__cxxabiv120__si_class_type_infoE)
                  c00091dc    0000000c                        : typeinfo_.obj (.const:.typeinfo:_ZTIN10__cxxabiv121__vmi_class_type_infoE)
                  c00091e8    0000000c                        : typeinfo_.obj (.const:.typeinfo:_ZTIN10__cxxabiv123__fundamental_type_infoE)
                  c00091f4    0000000c                        : typeinfo_.obj (.const:.typeinfo:_ZTISt10bad_typeid)
                  c0009200    0000000c                        : exception_.obj (.const:.typeinfo:_ZTISt13bad_exception)
                  c000920c    00000008                        : exception_.obj (.const:.typeinfo:_ZTISt9exception)
                  c0009214    00000008                        : typeinfo_.obj (.const:.typeinfo:_ZTISt9type_info)
                  c000921c    00000008                        : tdeh_cpp_abi.obj (.const:.typeinfo:_ZTIv)
                  c0009224    00000004     --HOLE-- [fill = 0]
                  c0009228    00000002                        : tdeh_cpp_abi.obj (.const:.typeinfo:_ZTSv)

.fardata   0    c00092a8    00000020     UNINITIALIZED
                  c00092a8    0000000c     rts6740_elf_eh.lib : exit.obj (.fardata)
                  c00092b4    00000008                        : memory.obj (.fardata)
                  c00092bc    00000004                        : _lock.obj (.fardata:_lock)
                  c00092c0    00000004                        : _lock.obj (.fardata:_unlock)
                  c00092c4    00000004                        : tdeh_cpp_abi.obj (.fardata)

.cinit     0    c00092e0    00000030     
                  c00092e0    00000020     (.cinit..fardata.load) [load image, compression = rle]
                  c0009300    00000008     (__TI_handler_table)
                  c0009308    00000008     (__TI_cinit_table)

.init_array 
*          0    c0000000    00000000     UNINITIALIZED

.switch    0    c00092c8    00000014     
                  c00092c8    00000014     rts6740_elf_eh.lib : tdeh_pr_c6000.obj (.switch:_Z16__TI_targ_set_prP19_Unwind_Exception_s)

.stack     0    c0000000    00004000     UNINITIALIZED
                  c0000000    00000008     rts6740_elf_eh.lib : boot.obj (.stack)
                  c0000008    00003ff8     --HOLE--

.sysmem    0    c0007fc0    00001000     UNINITIALIZED
                  c0007fc0    00000008     rts6740_elf_eh.lib : memory.obj (.sysmem)
                  c0007fc8    00000ff8     --HOLE--

.c6xabi.extab 
*          0    c000922c    0000007c     
                  c000922c    00000030     rts6740_elf_eh.lib : tdeh_cpp_abi.obj (.c6xabi.extab:__cxa_call_unexpected)
                  c000925c    0000001c                        : tdeh_cpp_abi.obj (.c6xabi.extab:__cxa_end_catch)
                  c0009278    00000010                        : typeinfo_.obj (.c6xabi.extab:_ZNSt10bad_typeidC1Ev)
                  c0009288    00000010                        : typeinfo_.obj (.c6xabi.extab:_ZNSt10bad_typeidD1Ev)
                  c0009298    00000010                        : delete.obj (.c6xabi.extab:_ZdlPv)

.c6xabi.exidx 
*          0    c0009310    00000148     
                  c0009310    00000008     (.c6xabi.exidx.text:_Z14process_unwindP15_Unwind_Context15_Unwind_PR_KindPj:rts6740_elf_eh.lib<tdeh_pr_c6000.obj>)
                  c0009318    00000008     rts6740_elf_eh.lib : rtti.obj (.c6xabi.exidx:.text:_Z28derived_to_base_conversion_rPvPS_PKN10__cxxabiv117__class_type_infoES4_jPiiPS4_P19a_result_virtualityS5_)
                  c0009320    00000008                        : tdeh_cpp_abi.obj (.c6xabi.exidx:.text:__cxa_type_match)
                  c0009328    00000008     (.c6xabi.exidx.text:free:rts6740_elf_eh.lib<memory.obj>)
                  c0009330    00000008                        : tdeh_pr_common.obj (.c6xabi.exidx:.text:_Z24__TI_process_descriptors13_Unwind_PhaseP19_Unwind_Exception_sP15_Unwind_Context15_Unwind_PR_KindPjP19_Unwind_Reason_CodePb)
                  c0009338    00000008     (.c6xabi.exidx.text:_Z26process_unwind_pop_bitmaskP15_Unwind_Context15_Unwind_PR_Kindjbb:rts6740_elf_eh.lib<tdeh_pr_c6000.obj>)
                  c0009340    00000008                        : tdeh_pr_common.obj (.c6xabi.exidx:.text:_Z14process_fespecP19_Unwind_Exception_s13_Unwind_PhaseP15_Unwind_ContextPPjjjP19_Unwind_Reason_CodePb)
                  c0009348    00000008                        : tdeh_cpp_abi.obj (.c6xabi.exidx:.text:__cxa_call_unexpected)
                  c0009350    00000008     (.c6xabi.exidx.text:malloc:rts6740_elf_eh.lib<memory.obj>)
                  c0009358    00000008                        : tdeh_pr_c6000.obj (.c6xabi.exidx:.text:_Z18__TI_unwind_cpp_pr13_Unwind_PhaseP19_Unwind_Exception_sP15_Unwind_Context15_Unwind_PR_Kind)
                  c0009360    00000008     (.c6xabi.exidx.text:_auto_init_elf:rts6740_elf_eh.lib<autoinit.obj>)
                  c0009368    00000008                        : tdeh_cpp_abi.obj (.c6xabi.exidx:.text:__cxa_end_catch)
                  c0009370    00000008                        : tdeh_pr_c6000.obj (.c6xabi.exidx:.text:_Z16__TI_targ_set_prP19_Unwind_Exception_s)
                  c0009378    00000008                        : tdeh_unwinder.obj (.c6xabi.exidx:.text:__TI_Unwind_RaiseException2)
                  c0009380    00000008     (.c6xabi.exidx.text:rts6740_elf_eh.lib<tdeh_uwentry_c6000.obj>)
                  c0009388    00000008                        : tdeh_unwinder.obj (.c6xabi.exidx:.text:_Z16find_et_setup_prP19_Unwind_Exception_sj)
                  c0009390    00000008     (.c6xabi.exidx.text:__TI_decompress_rle_core:rts6740_elf_eh.lib<copy_decompress_rle.obj>)
                  c0009398    00000008                        : tdeh_cpp_abi.obj (.c6xabi.exidx:.text:__cxa_allocate_exception)
                  c00093a0    00000008                        : tdeh_cpp_abi.obj (.c6xabi.exidx:.text:__cxa_get_globals)
                  c00093a8    00000008                        : rtti.obj (.c6xabi.exidx:.text:__derived_to_base_conversion)
                  c00093b0    00000008     (.c6xabi.exidx.text:copy_in:rts6740_elf_eh.lib<cpy_tbl.obj>)
                  c00093b8    00000008                        : tdeh_unwinder.obj (.c6xabi.exidx:.text:__TI_Unwind_Resume)
                  c00093c0    00000008     (.c6xabi.exidx.text:exit:rts6740_elf_eh.lib<exit.obj>)
                  c00093c8    00000008                        : tdeh_cpp_abi.obj (.c6xabi.exidx:.text:__cxa_throw)
                  c00093d0    00000008     (.c6xabi.exidx.text:_minit:rts6740_elf_eh.lib<memory.obj>)
                  c00093d8    00000008                        : tdeh_cpp_abi.obj (.c6xabi.exidx:.text:_Z37__TI_setup_handler_and_call_terminateP19_Unwind_Exception_s)
                  c00093e0    00000008     (.c6xabi.exidx.text:_ZNSt10bad_typeidD0Ev:rts6740_elf_eh.lib<typeinfo_.obj>)
                  c00093e8    00000008                        : tdeh_cpp_abi.obj (.c6xabi.exidx:.text:_ZSt10unexpectedv)
                  c00093f0    00000008                        : rtti.obj (.c6xabi.exidx:.text:__cxa_bad_typeid)
                  c00093f8    00000008                        : typeinfo_.obj (.c6xabi.exidx:.text:_ZNSt10bad_typeidC1Ev)
                  c0009400    00000008                        : tdeh_pr_c6000.obj (.c6xabi.exidx:.text:__TI_Unwind_RaiseException)
                  c0009408    00000008     (.c6xabi.exidx.text:__TI_ut_entry_cmp:rts6740_elf_eh.lib<tdeh_unwinder.obj>)
                  c0009410    00000008                        : tdeh_cpp_abi.obj (.c6xabi.exidx:.text:__cxa_begin_cleanup)
                  c0009418    00000008     (.c6xabi.exidx.text:_args_main:rts6740_elf_eh.lib<args_main.obj>)
                  c0009420    00000008                        : tdeh_pr_c6000.obj (.c6xabi.exidx:.text:_Z24__TI_targ_regbuf_installP15_Unwind_Context)
                  c0009428    00000008     (.c6xabi.exidx.text:_Z26__TI_targ_setup_call_parm0P15_Unwind_Contextj:rts6740_elf_eh.lib<tdeh_pr_c6000.obj>)
                  c0009430    00000008                        : typeinfo_.obj (.c6xabi.exidx:.text:_ZNSt10bad_typeidD1Ev)
                  c0009438    00000008     (.c6xabi.exidx.text:_ZNSt13bad_exceptionC1Ev:rts6740_elf_eh.lib<exception_.obj>)
                  c0009440    00000008                        : delete.obj (.c6xabi.exidx:.text:_ZdlPv)
                  c0009448    00000008                        : tdeh_cpp_abi.obj (.c6xabi.exidx:.text:__TI_cxa_end_cleanup)
                  c0009450    00000008     (.c6xabi.exidx.text:_nop:rts6740_elf_eh.lib<_lock.obj>)

MODULE SUMMARY

       Module                     code    ro data   rw data
       ------                     ----    -------   -------
    <current directory>
       q07-lib.obj                32      0         0      
    +--+--------------------------+-------+---------+---------+
       Total:                     32      0         0      
                                                           
    C:\Users\GRA\Documents\VM6747\tilib\rts6740_elf_eh.lib
       tdeh_cpp_abi.obj           3456    178       4      
       tdeh_pr_c6000.obj          3296    94        0      
       memory.obj                 2016    0         8      
       rtti.obj                   1760    24        0      
       tdeh_pr_common.obj         1536    16        0      
       typeinfo_.obj              480     459       0      
       tdeh_unwinder.obj          864     24        0      
       autoinit.obj               352     0         0      
       exception_.obj             256     95        0      
       copy_decompress_rle.obj    288     0         0      
       tdeh_uwentry_c6000.obj     288     0         0      
       exit.obj                   256     0         12     
       cpy_tbl.obj                256     0         0      
       memset.obj                 224     0         0      
       bsearch.obj                192     0         0      
       tls.obj                    192     0         0      
       memcpy64.obj               160     0         0      
       boot.obj                   128     0         0      
       args_main.obj              64      0         0      
       delete.obj                 32      24        0      
       _lock.obj                  32      0         8      
       copy_decompress_none.obj   32      0         0      
       error.obj                  32      0         0      
       pre_init.obj               32      0         0      
       startup.obj                32      0         0      
       tdeh_init.obj              32      0         0      
    +--+--------------------------+-------+---------+---------+
       Total:                     16288   914       32     
                                                           
       Heap:                      0       0         4096   
       Stack:                     0       0         16384  
       Linker Generated:          0       176       0      
    +--+--------------------------+-------+---------+---------+
       Grand Total:               16320   1090      20512  


LINKER GENERATED COPY TABLES

__TI_cinit_table @ c0009308 records: 1, size/record: 8, table size: 8
	.fardata: load addr=c00092e0, load size=00000020 bytes, run addr=c00092a8, run size=00000020 bytes, compression=rle


LINKER GENERATED HANDLER TABLE

__TI_handler_table @ c0009300 records: 2, size/record: 4, table size: 8
	index: 0, handler: __TI_decompress_rle24
	index: 1, handler: __TI_decompress_none


GLOBAL SYMBOLS: SORTED ALPHABETICALLY BY Name 

address   name                                                                                                                          
-------   ----                                                                                                                          
c0007f40  C$$EXIT                                                                                                                       
c00066e0  _Unwind_RaiseException                                                                                                        
c0006718  _Unwind_Resume                                                                                                                
c0007a40  _Z13__TI_prel2absPKj                                                                                                          
c00064a0  _Z16__TI_targ_set_prP19_Unwind_Exception_s                                                                                    
c0007a60  _Z22__TI_targ_rtti_addressPjP15_Unwind_Context                                                                                
c0007a80  _Z23__TI_targ_regbuf_get_pcP15_Unwind_Context                                                                                 
c0007aa0  _Z23__TI_targ_regbuf_get_sbP15_Unwind_Context                                                                                 
c0007ac0  _Z23__TI_targ_regbuf_get_spP15_Unwind_Context                                                                                 
c0007ae0  _Z23__TI_targ_regbuf_set_pcP15_Unwind_Contextj                                                                                
c00054c0  _Z24__TI_process_descriptors13_Unwind_PhaseP19_Unwind_Exception_sP15_Unwind_Context15_Unwind_PR_KindPjP19_Unwind_Reason_CodePb
c0007b00  _Z24__TI_targ_regbuf_installP15_Unwind_Context                                                                                
c0007b60  _Z26__TI_targ_setup_call_parm0P15_Unwind_Contextj                                                                             
c0007b80  _ZN10__cxxabiv117__class_type_infoD0Ev                                                                                        
c0007ba0  _ZN10__cxxabiv117__class_type_infoD1Ev                                                                                        
c0007ba0  _ZN10__cxxabiv117__class_type_infoD2Ev                                                                                        
c0007bc0  _ZN10__cxxabiv120__si_class_type_infoD0Ev                                                                                     
c0007be0  _ZN10__cxxabiv120__si_class_type_infoD1Ev                                                                                     
c0007be0  _ZN10__cxxabiv120__si_class_type_infoD2Ev                                                                                     
c0007c00  _ZN10__cxxabiv123__fundamental_type_infoD0Ev                                                                                  
c0007c20  _ZN10__cxxabiv123__fundamental_type_infoD1Ev                                                                                  
c0007c20  _ZN10__cxxabiv123__fundamental_type_infoD2Ev                                                                                  
c0007c40  _ZNKSt10bad_typeid4whatEv                                                                                                     
c0007c60  _ZNKSt13bad_exception4whatEv                                                                                                  
c0007c80  _ZNKSt9exception4whatEv                                                                                                       
c0007ca0  _ZNKSt9type_info4nameEv                                                                                                       
c0007cc0  _ZNKSt9type_infoeqERKS_                                                                                                       
c0007900  _ZNSt10bad_typeidC1Ev                                                                                                         
c0007900  _ZNSt10bad_typeidC2Ev                                                                                                         
c0007720  _ZNSt10bad_typeidD0Ev                                                                                                         
c0007ce0  _ZNSt10bad_typeidD1Ev                                                                                                         
c0007ce0  _ZNSt10bad_typeidD2Ev                                                                                                         
c0007d00  _ZNSt13bad_exceptionC1Ev                                                                                                      
c0007d00  _ZNSt13bad_exceptionC2Ev                                                                                                      
c0007d20  _ZNSt13bad_exceptionD0Ev                                                                                                      
c0007d40  _ZNSt13bad_exceptionD1Ev                                                                                                      
c0007d40  _ZNSt13bad_exceptionD2Ev                                                                                                      
c0007d60  _ZNSt9exceptionC1Ev                                                                                                           
c0007d60  _ZNSt9exceptionC2Ev                                                                                                           
c0007d80  _ZNSt9exceptionD0Ev                                                                                                           
c0007da0  _ZNSt9exceptionD1Ev                                                                                                           
c0007da0  _ZNSt9exceptionD2Ev                                                                                                           
c0007780  _ZSt10unexpectedv                                                                                                             
c00077e0  _ZSt9terminatev                                                                                                               
c00091ac  _ZTIN10__cxxabiv117__class_type_infoE                                                                                         
c00091b8  _ZTIN10__cxxabiv117__pbase_type_infoE                                                                                         
c00091c4  _ZTIN10__cxxabiv119__pointer_type_infoE                                                                                       
c00091d0  _ZTIN10__cxxabiv120__si_class_type_infoE                                                                                      
c00091dc  _ZTIN10__cxxabiv121__vmi_class_type_infoE                                                                                     
c00091e8  _ZTIN10__cxxabiv123__fundamental_type_infoE                                                                                   
c00091f4  _ZTISt10bad_typeid                                                                                                            
c0009200  _ZTISt13bad_exception                                                                                                         
c000920c  _ZTISt9exception                                                                                                              
c0009214  _ZTISt9type_info                                                                                                              
c000921c  _ZTIv                                                                                                                         
c0009060  _ZTSN10__cxxabiv117__class_type_infoE                                                                                         
c0009088  _ZTSN10__cxxabiv117__pbase_type_infoE                                                                                         
c0009038  _ZTSN10__cxxabiv119__pointer_type_infoE                                                                                       
c0009010  _ZTSN10__cxxabiv120__si_class_type_infoE                                                                                      
c0008fe8  _ZTSN10__cxxabiv121__vmi_class_type_infoE                                                                                     
c0008fc0  _ZTSN10__cxxabiv123__fundamental_type_infoE                                                                                   
c0009150  _ZTSSt10bad_typeid                                                                                                            
c00090f8  _ZTSSt13bad_exception                                                                                                         
c0009180  _ZTSSt9exception                                                                                                              
c0009190  _ZTSSt9type_info                                                                                                              
c0009228  _ZTSv                                                                                                                         
c0009120  _ZTVN10__cxxabiv117__class_type_infoE                                                                                         
c0009130  _ZTVN10__cxxabiv120__si_class_type_infoE                                                                                      
c0009140  _ZTVN10__cxxabiv123__fundamental_type_infoE                                                                                   
c00090b0  _ZTVSt10bad_typeid                                                                                                            
c00090c8  _ZTVSt13bad_exception                                                                                                         
c00090e0  _ZTVSt9exception                                                                                                              
c0007dc0  _ZdlPv                                                                                                                        
c0009308  __TI_CINIT_Base                                                                                                               
c0009310  __TI_CINIT_Limit                                                                                                              
c0009300  __TI_Handler_Table_Base                                                                                                       
c0009308  __TI_Handler_Table_Limit                                                                                                      
UNDEFED   __TI_INITARRAY_Base                                                                                                           
UNDEFED   __TI_INITARRAY_Limit                                                                                                          
c0006728  __TI_Install_CoreRegs                                                                                                         
c0004000  __TI_STACK_END                                                                                                                
00004000  __TI_STACK_SIZE                                                                                                               
00000000  __TI_STATIC_BASE                                                                                                              
00001000  __TI_SYSMEM_SIZE                                                                                                              
UNDEFED   __TI_TLS_INIT_Base                                                                                                            
UNDEFED   __TI_TLS_INIT_Limit                                                                                                           
c0009458  __TI_UNWIND_TABLE_END                                                                                                         
c0009310  __TI_UNWIND_TABLE_START                                                                                                       
c0007940  __TI_Unwind_RaiseException                                                                                                    
c00065c0  __TI_Unwind_RaiseException2                                                                                                   
c0006e00  __TI_Unwind_Resume                                                                                                            
c00092a8  __TI_cleanup_ptr                                                                                                              
c0007de0  __TI_cxa_end_cleanup                                                                                                          
c0007f60  __TI_decompress_none                                                                                                          
c0007f80  __TI_decompress_rle24                                                                                                         
c00092ac  __TI_dtors_ptr                                                                                                                
c00092b0  __TI_enable_exit_profile_output                                                                                               
ffffffff  __TI_pprof_out_hndl                                                                                                           
ffffffff  __TI_prof_data_size                                                                                                           
ffffffff  __TI_prof_data_start                                                                                                          
c0007300  __TI_tls_init                                                                                                                 
c0007980  __TI_ut_entry_cmp                                                                                                             
c0007e00  __abort_execution                                                                                                             
ffffffff  __binit__                                                                                                                     
c0007e20  __c6xabi_unwind_cpp_pr0                                                                                                       
c0007e40  __c6xabi_unwind_cpp_pr1                                                                                                       
c0007e60  __c6xabi_unwind_cpp_pr2                                                                                                       
c0007e80  __c6xabi_unwind_cpp_pr3                                                                                                       
c0007ea0  __c6xabi_unwind_cpp_pr4                                                                                                       
ffffffff  __c_args__                                                                                                                    
c0006a00  __cxa_allocate_exception                                                                                                      
c0007840  __cxa_bad_typeid                                                                                                              
c00078a0  __cxa_begin_catch                                                                                                             
c00079c0  __cxa_begin_cleanup                                                                                                           
c0005d20  __cxa_call_unexpected                                                                                                         
c0006360  __cxa_end_catch                                                                                                               
c0006754  __cxa_end_cleanup                                                                                                             
c0006b00  __cxa_get_globals                                                                                                             
c0006ee0  __cxa_rethrow                                                                                                                 
c00073c0  __cxa_throw                                                                                                                   
c0004bc0  __cxa_type_match                                                                                                              
c0006c00  __derived_to_base_conversion                                                                                                  
c0007ec0  __tdeh_init                                                                                                                   
c0007a00  _args_main                                                                                                                    
c0006200  _auto_init_elf                                                                                                                
c0007640  _c_int00                                                                                                                      
c00092bc  _lock                                                                                                                         
c0007460  _minit                                                                                                                        
c0007ee0  _nop                                                                                                                          
c0000000  _stack                                                                                                                        
c0007fc0  _sys_memory                                                                                                                   
c0007f00  _system_post_cinit                                                                                                            
c0007f20  _system_pre_init                                                                                                              
c00092c0  _unlock                                                                                                                       
c0007f40  abort                                                                                                                         
ffffffff  binit                                                                                                                         
c0007180  bsearch                                                                                                                       
c0006d00  copy_in                                                                                                                       
c0006fc0  exit                                                                                                                          
c0005080  free                                                                                                                          
c0007fa0  main                                                                                                                          
c0005f00  malloc                                                                                                                        
c0007500  memcpy                                                                                                                        
c00070a0  memset                                                                                                                        


GLOBAL SYMBOLS: SORTED BY Symbol Address 

address   name                                                                                                                          
-------   ----                                                                                                                          
00000000  __TI_STATIC_BASE                                                                                                              
00001000  __TI_SYSMEM_SIZE                                                                                                              
00004000  __TI_STACK_SIZE                                                                                                               
c0000000  _stack                                                                                                                        
c0004000  __TI_STACK_END                                                                                                                
c0004bc0  __cxa_type_match                                                                                                              
c0005080  free                                                                                                                          
c00054c0  _Z24__TI_process_descriptors13_Unwind_PhaseP19_Unwind_Exception_sP15_Unwind_Context15_Unwind_PR_KindPjP19_Unwind_Reason_CodePb
c0005d20  __cxa_call_unexpected                                                                                                         
c0005f00  malloc                                                                                                                        
c0006200  _auto_init_elf                                                                                                                
c0006360  __cxa_end_catch                                                                                                               
c00064a0  _Z16__TI_targ_set_prP19_Unwind_Exception_s                                                                                    
c00065c0  __TI_Unwind_RaiseException2                                                                                                   
c00066e0  _Unwind_RaiseException                                                                                                        
c0006718  _Unwind_Resume                                                                                                                
c0006728  __TI_Install_CoreRegs                                                                                                         
c0006754  __cxa_end_cleanup                                                                                                             
c0006a00  __cxa_allocate_exception                                                                                                      
c0006b00  __cxa_get_globals                                                                                                             
c0006c00  __derived_to_base_conversion                                                                                                  
c0006d00  copy_in                                                                                                                       
c0006e00  __TI_Unwind_Resume                                                                                                            
c0006ee0  __cxa_rethrow                                                                                                                 
c0006fc0  exit                                                                                                                          
c00070a0  memset                                                                                                                        
c0007180  bsearch                                                                                                                       
c0007300  __TI_tls_init                                                                                                                 
c00073c0  __cxa_throw                                                                                                                   
c0007460  _minit                                                                                                                        
c0007500  memcpy                                                                                                                        
c0007640  _c_int00                                                                                                                      
c0007720  _ZNSt10bad_typeidD0Ev                                                                                                         
c0007780  _ZSt10unexpectedv                                                                                                             
c00077e0  _ZSt9terminatev                                                                                                               
c0007840  __cxa_bad_typeid                                                                                                              
c00078a0  __cxa_begin_catch                                                                                                             
c0007900  _ZNSt10bad_typeidC1Ev                                                                                                         
c0007900  _ZNSt10bad_typeidC2Ev                                                                                                         
c0007940  __TI_Unwind_RaiseException                                                                                                    
c0007980  __TI_ut_entry_cmp                                                                                                             
c00079c0  __cxa_begin_cleanup                                                                                                           
c0007a00  _args_main                                                                                                                    
c0007a40  _Z13__TI_prel2absPKj                                                                                                          
c0007a60  _Z22__TI_targ_rtti_addressPjP15_Unwind_Context                                                                                
c0007a80  _Z23__TI_targ_regbuf_get_pcP15_Unwind_Context                                                                                 
c0007aa0  _Z23__TI_targ_regbuf_get_sbP15_Unwind_Context                                                                                 
c0007ac0  _Z23__TI_targ_regbuf_get_spP15_Unwind_Context                                                                                 
c0007ae0  _Z23__TI_targ_regbuf_set_pcP15_Unwind_Contextj                                                                                
c0007b00  _Z24__TI_targ_regbuf_installP15_Unwind_Context                                                                                
c0007b60  _Z26__TI_targ_setup_call_parm0P15_Unwind_Contextj                                                                             
c0007b80  _ZN10__cxxabiv117__class_type_infoD0Ev                                                                                        
c0007ba0  _ZN10__cxxabiv117__class_type_infoD1Ev                                                                                        
c0007ba0  _ZN10__cxxabiv117__class_type_infoD2Ev                                                                                        
c0007bc0  _ZN10__cxxabiv120__si_class_type_infoD0Ev                                                                                     
c0007be0  _ZN10__cxxabiv120__si_class_type_infoD1Ev                                                                                     
c0007be0  _ZN10__cxxabiv120__si_class_type_infoD2Ev                                                                                     
c0007c00  _ZN10__cxxabiv123__fundamental_type_infoD0Ev                                                                                  
c0007c20  _ZN10__cxxabiv123__fundamental_type_infoD1Ev                                                                                  
c0007c20  _ZN10__cxxabiv123__fundamental_type_infoD2Ev                                                                                  
c0007c40  _ZNKSt10bad_typeid4whatEv                                                                                                     
c0007c60  _ZNKSt13bad_exception4whatEv                                                                                                  
c0007c80  _ZNKSt9exception4whatEv                                                                                                       
c0007ca0  _ZNKSt9type_info4nameEv                                                                                                       
c0007cc0  _ZNKSt9type_infoeqERKS_                                                                                                       
c0007ce0  _ZNSt10bad_typeidD1Ev                                                                                                         
c0007ce0  _ZNSt10bad_typeidD2Ev                                                                                                         
c0007d00  _ZNSt13bad_exceptionC1Ev                                                                                                      
c0007d00  _ZNSt13bad_exceptionC2Ev                                                                                                      
c0007d20  _ZNSt13bad_exceptionD0Ev                                                                                                      
c0007d40  _ZNSt13bad_exceptionD1Ev                                                                                                      
c0007d40  _ZNSt13bad_exceptionD2Ev                                                                                                      
c0007d60  _ZNSt9exceptionC1Ev                                                                                                           
c0007d60  _ZNSt9exceptionC2Ev                                                                                                           
c0007d80  _ZNSt9exceptionD0Ev                                                                                                           
c0007da0  _ZNSt9exceptionD1Ev                                                                                                           
c0007da0  _ZNSt9exceptionD2Ev                                                                                                           
c0007dc0  _ZdlPv                                                                                                                        
c0007de0  __TI_cxa_end_cleanup                                                                                                          
c0007e00  __abort_execution                                                                                                             
c0007e20  __c6xabi_unwind_cpp_pr0                                                                                                       
c0007e40  __c6xabi_unwind_cpp_pr1                                                                                                       
c0007e60  __c6xabi_unwind_cpp_pr2                                                                                                       
c0007e80  __c6xabi_unwind_cpp_pr3                                                                                                       
c0007ea0  __c6xabi_unwind_cpp_pr4                                                                                                       
c0007ec0  __tdeh_init                                                                                                                   
c0007ee0  _nop                                                                                                                          
c0007f00  _system_post_cinit                                                                                                            
c0007f20  _system_pre_init                                                                                                              
c0007f40  C$$EXIT                                                                                                                       
c0007f40  abort                                                                                                                         
c0007f60  __TI_decompress_none                                                                                                          
c0007f80  __TI_decompress_rle24                                                                                                         
c0007fa0  main                                                                                                                          
c0007fc0  _sys_memory                                                                                                                   
c0008fc0  _ZTSN10__cxxabiv123__fundamental_type_infoE                                                                                   
c0008fe8  _ZTSN10__cxxabiv121__vmi_class_type_infoE                                                                                     
c0009010  _ZTSN10__cxxabiv120__si_class_type_infoE                                                                                      
c0009038  _ZTSN10__cxxabiv119__pointer_type_infoE                                                                                       
c0009060  _ZTSN10__cxxabiv117__class_type_infoE                                                                                         
c0009088  _ZTSN10__cxxabiv117__pbase_type_infoE                                                                                         
c00090b0  _ZTVSt10bad_typeid                                                                                                            
c00090c8  _ZTVSt13bad_exception                                                                                                         
c00090e0  _ZTVSt9exception                                                                                                              
c00090f8  _ZTSSt13bad_exception                                                                                                         
c0009120  _ZTVN10__cxxabiv117__class_type_infoE                                                                                         
c0009130  _ZTVN10__cxxabiv120__si_class_type_infoE                                                                                      
c0009140  _ZTVN10__cxxabiv123__fundamental_type_infoE                                                                                   
c0009150  _ZTSSt10bad_typeid                                                                                                            
c0009180  _ZTSSt9exception                                                                                                              
c0009190  _ZTSSt9type_info                                                                                                              
c00091ac  _ZTIN10__cxxabiv117__class_type_infoE                                                                                         
c00091b8  _ZTIN10__cxxabiv117__pbase_type_infoE                                                                                         
c00091c4  _ZTIN10__cxxabiv119__pointer_type_infoE                                                                                       
c00091d0  _ZTIN10__cxxabiv120__si_class_type_infoE                                                                                      
c00091dc  _ZTIN10__cxxabiv121__vmi_class_type_infoE                                                                                     
c00091e8  _ZTIN10__cxxabiv123__fundamental_type_infoE                                                                                   
c00091f4  _ZTISt10bad_typeid                                                                                                            
c0009200  _ZTISt13bad_exception                                                                                                         
c000920c  _ZTISt9exception                                                                                                              
c0009214  _ZTISt9type_info                                                                                                              
c000921c  _ZTIv                                                                                                                         
c0009228  _ZTSv                                                                                                                         
c00092a8  __TI_cleanup_ptr                                                                                                              
c00092ac  __TI_dtors_ptr                                                                                                                
c00092b0  __TI_enable_exit_profile_output                                                                                               
c00092bc  _lock                                                                                                                         
c00092c0  _unlock                                                                                                                       
c0009300  __TI_Handler_Table_Base                                                                                                       
c0009308  __TI_CINIT_Base                                                                                                               
c0009308  __TI_Handler_Table_Limit                                                                                                      
c0009310  __TI_CINIT_Limit                                                                                                              
c0009310  __TI_UNWIND_TABLE_START                                                                                                       
c0009458  __TI_UNWIND_TABLE_END                                                                                                         
ffffffff  __TI_pprof_out_hndl                                                                                                           
ffffffff  __TI_prof_data_size                                                                                                           
ffffffff  __TI_prof_data_start                                                                                                          
ffffffff  __binit__                                                                                                                     
ffffffff  __c_args__                                                                                                                    
ffffffff  binit                                                                                                                         
UNDEFED   __TI_INITARRAY_Base                                                                                                           
UNDEFED   __TI_INITARRAY_Limit                                                                                                          
UNDEFED   __TI_TLS_INIT_Base                                                                                                            
UNDEFED   __TI_TLS_INIT_Limit                                                                                                           

[144 symbols]
