******************************************************************************
               TMS320C6x Linker PC v8.2.2                      
******************************************************************************
>> Linked Sun Sep 20 21:45:55 2026

OUTPUT FILE NAME:   <q10-ar.out>
ENTRY POINT SYMBOL: "_c_int00"  address: c0000000


MEMORY CONFIGURATION

         name            origin    length      used     unused   attr    fill
----------------------  --------  ---------  --------  --------  ----  --------
  RAM                   c0000000   04000000  00000040  03ffffc0  RWIX


SEGMENT ALLOCATION MAP

run origin  load origin   length   init length attrs members
----------  ----------- ---------- ----------- ----- -------
c0000000    c0000000    00000040   00000040    r-x
  c0000000    c0000000    00000040   00000040    r-x .text


SECTION ALLOCATION MAP

 output                                  attributes/
section   page    origin      length       input sections
--------  ----  ----------  ----------   ----------------
.text      0    c0000000    00000040     
                  c0000000    00000020     q10-ar-main.obj (.text)
                  c0000020    00000020     q10.lib : q10-ar-used.obj (.text)

.cinit     0    c0000000    00000000     UNINITIALIZED

.init_array 
*          0    c0000000    00000000     UNINITIALIZED

MODULE SUMMARY

       Module            code   ro data   rw data
       ------            ----   -------   -------
    <current directory>
       q10-ar-main.obj   32     0         0      
    +--+-----------------+------+---------+---------+
       Total:            32     0         0      
                                                 
    q10.lib
       q10-ar-used.obj   32     0         0      
    +--+-----------------+------+---------+---------+
       Total:            32     0         0      
                                                 
    +--+-----------------+------+---------+---------+
       Grand Total:      64     0         0      


GLOBAL SYMBOLS: SORTED ALPHABETICALLY BY Name 

address   name                
-------   ----                
00000000  __TI_STATIC_BASE    
ffffffff  __TI_pprof_out_hndl 
ffffffff  __TI_prof_data_size 
ffffffff  __TI_prof_data_start
ffffffff  __binit__           
ffffffff  __c_args__          
c0000000  _c_int00            
c0000020  ar_used             
ffffffff  binit               


GLOBAL SYMBOLS: SORTED BY Symbol Address 

address   name                
-------   ----                
00000000  __TI_STATIC_BASE    
c0000000  _c_int00            
c0000020  ar_used             
ffffffff  __TI_pprof_out_hndl 
ffffffff  __TI_prof_data_size 
ffffffff  __TI_prof_data_start
ffffffff  __binit__           
ffffffff  __c_args__          
ffffffff  binit               

[9 symbols]
