******************************************************************************
               TMS320C6x Linker PC v8.2.2                      
******************************************************************************
>> Linked Sun Sep 20 21:45:54 2026

OUTPUT FILE NAME:   <q12-bss-order.out>
ENTRY POINT SYMBOL: "_c_int00"  address: c0000040


MEMORY CONFIGURATION

         name            origin    length      used     unused   attr    fill
----------------------  --------  ---------  --------  --------  ----  --------
  RAM                   c0000000   04000000  00000084  03ffff7c  RWIX


SEGMENT ALLOCATION MAP

run origin  load origin   length   init length attrs members
----------  ----------- ---------- ----------- ----- -------
c0000000    c0000000    00000040   00000000    rw-
  c0000000    c0000000    00000040   00000000    rw- .bss
c0000040    c0000040    00000024   00000024    r-x
  c0000040    c0000040    00000020   00000020    r-x .text
  c0000060    c0000060    00000004   00000004    r-- .neardata
c0000064    c0000064    00000020   00000000    rw-
  c0000064    c0000064    00000020   00000000    rw- .mybss


SECTION ALLOCATION MAP

 output                                  attributes/
section   page    origin      length       input sections
--------  ----  ----------  ----------   ----------------
.text      0    c0000040    00000020     
                  c0000040    00000020     q12-bss-order.obj (.text)

.bss       0    c0000000    00000040     UNINITIALIZED
                  c0000000    00000040     q12-bss-order.obj (.bss)

.neardata 
*          0    c0000060    00000004     
                  c0000060    00000004     q12-bss-order.obj (.neardata)

.cinit     0    c0000000    00000000     UNINITIALIZED

.init_array 
*          0    c0000000    00000000     UNINITIALIZED

.mybss     0    c0000064    00000020     UNINITIALIZED
                  c0000064    00000020     q12-bss-order.obj (.mybss)

MODULE SUMMARY

       Module              code   ro data   rw data
       ------              ----   -------   -------
    <current directory>
       q12-bss-order.obj   32     4         96     
    +--+-------------------+------+---------+---------+
       Total:              32     4         96     
                                                   
    +--+-------------------+------+---------+---------+
       Grand Total:        32     4         96     


GLOBAL SYMBOLS: SORTED ALPHABETICALLY BY Name 

address   name                
-------   ----                
c0000000  __TI_STATIC_BASE    
ffffffff  __TI_pprof_out_hndl 
ffffffff  __TI_prof_data_size 
ffffffff  __TI_prof_data_start
ffffffff  __binit__           
ffffffff  __c_args__          
c0000040  _c_int00            
ffffffff  binit               


GLOBAL SYMBOLS: SORTED BY Symbol Address 

address   name                
-------   ----                
c0000000  __TI_STATIC_BASE    
c0000040  _c_int00            
ffffffff  __TI_pprof_out_hndl 
ffffffff  __TI_prof_data_size 
ffffffff  __TI_prof_data_start
ffffffff  __binit__           
ffffffff  __c_args__          
ffffffff  binit               

[8 symbols]
