******************************************************************************
               TMS320C6x Linker PC v8.2.2                      
******************************************************************************
>> Linked Sun Sep 20 21:45:54 2026

OUTPUT FILE NAME:   <q13-const.out>
ENTRY POINT SYMBOL: "_c_int00"  address: c0000000


MEMORY CONFIGURATION

         name            origin    length      used     unused   attr    fill
----------------------  --------  ---------  --------  --------  ----  --------
  RAM                   c0000000   04000000  0000002c  03ffffd4  RWIX


SEGMENT ALLOCATION MAP

run origin  load origin   length   init length attrs members
----------  ----------- ---------- ----------- ----- -------
c0000000    c0000000    0000002c   0000002c    r-x
  c0000000    c0000000    00000020   00000020    r-x .text
  c0000020    c0000020    00000004   00000004    r-- .const
  c0000024    c0000024    00000004   00000004    r-- .rodata
  c0000028    c0000028    00000004   00000004    r-- .switch


SECTION ALLOCATION MAP

 output                                  attributes/
section   page    origin      length       input sections
--------  ----  ----------  ----------   ----------------
.text      0    c0000000    00000020     
                  c0000000    00000020     q13-const.obj (.text)

.const     0    c0000020    00000004     
                  c0000020    00000004     q13-const.obj (.const)

.rodata    0    c0000024    00000004     
                  c0000024    00000004     q13-const.obj (.rodata)

.cinit     0    c0000000    00000000     UNINITIALIZED

.init_array 
*          0    c0000000    00000000     UNINITIALIZED

.switch    0    c0000028    00000004     
                  c0000028    00000004     q13-const.obj (.switch)

MODULE SUMMARY

       Module          code   ro data   rw data
       ------          ----   -------   -------
    <current directory>
       q13-const.obj   32     12        0      
    +--+---------------+------+---------+---------+
       Total:          32     12        0      
                                               
    +--+---------------+------+---------+---------+
       Grand Total:    32     12        0      


GLOBAL SYMBOLS: SORTED ALPHABETICALLY BY Name 

address   name                
-------   ----                
00000000  __TI_STATIC_BASE    
ffffffff  __TI_pprof_out_hndl 
ffffffff  __TI_prof_data_size 
ffffffff  __TI_prof_data_start
ffffffff  __binit__           
ffffffff  __c_args__          
c0000000  _c_int00            
ffffffff  binit               


GLOBAL SYMBOLS: SORTED BY Symbol Address 

address   name                
-------   ----                
00000000  __TI_STATIC_BASE    
c0000000  _c_int00            
ffffffff  __TI_pprof_out_hndl 
ffffffff  __TI_prof_data_size 
ffffffff  __TI_prof_data_start
ffffffff  __binit__           
ffffffff  __c_args__          
ffffffff  binit               

[8 symbols]
