******************************************************************************
               TMS320C6x Linker PC v8.2.2                      
******************************************************************************
>> Linked Sun Sep 20 21:45:55 2026

OUTPUT FILE NAME:   <q14-weak.out>
ENTRY POINT SYMBOL: "_c_int00"  address: c000000c


MEMORY CONFIGURATION

         name            origin    length      used     unused   attr    fill
----------------------  --------  ---------  --------  --------  ----  --------
  RAM                   c0000000   04000000  00000060  03ffffa0  RWIX


SEGMENT ALLOCATION MAP

run origin  load origin   length   init length attrs members
----------  ----------- ---------- ----------- ----- -------
c0000000    c0000000    00000060   00000060    r-x
  c0000000    c0000000    00000060   00000060    r-x .text


SECTION ALLOCATION MAP

 output                                  attributes/
section   page    origin      length       input sections
--------  ----  ----------  ----------   ----------------
.text      0    c0000000    00000060     
                  c0000000    00000040     q14-weak.obj (.text)
                  c0000040    00000020     q14-strong.obj (.text)

.cinit     0    c0000000    00000000     UNINITIALIZED

.init_array 
*          0    c0000000    00000000     UNINITIALIZED

MODULE SUMMARY

       Module           code   ro data   rw data
       ------           ----   -------   -------
    <current directory>
       q14-weak.obj     64     0         0      
       q14-strong.obj   32     0         0      
    +--+----------------+------+---------+---------+
       Total:           96     0         0      
                                                
    +--+----------------+------+---------+---------+
       Grand Total:     96     0         0      


GLOBAL SYMBOLS: SORTED ALPHABETICALLY BY Name 

address   name                
-------   ----                
00000000  __TI_STATIC_BASE    
ffffffff  __TI_pprof_out_hndl 
ffffffff  __TI_prof_data_size 
ffffffff  __TI_prof_data_start
ffffffff  __binit__           
ffffffff  __c_args__          
c000000c  _c_int00            
ffffffff  binit               
UNDEFED   undefined_weak      
c0000040  wk                  


GLOBAL SYMBOLS: SORTED BY Symbol Address 

address   name                
-------   ----                
00000000  __TI_STATIC_BASE    
c000000c  _c_int00            
c0000040  wk                  
ffffffff  __TI_pprof_out_hndl 
ffffffff  __TI_prof_data_size 
ffffffff  __TI_prof_data_start
ffffffff  __binit__           
ffffffff  __c_args__          
ffffffff  binit               
UNDEFED   undefined_weak      

[10 symbols]
