******************************************************************************
               TMS320C6x Linker PC v8.2.2                      
******************************************************************************
>> Linked Sun Sep 20 21:45:55 2026

OUTPUT FILE NAME:   <q15-far.out>
ENTRY POINT SYMBOL: "_c_int00"  address: c0000000


MEMORY CONFIGURATION

         name            origin    length      used     unused   attr    fill
----------------------  --------  ---------  --------  --------  ----  --------
  NEAR                  c0000000   00100000  00000040  000fffc0  RWIX
  FAR                   c1000000   00100000  00000020  000fffe0  RWIX


SEGMENT ALLOCATION MAP

run origin  load origin   length   init length attrs members
----------  ----------- ---------- ----------- ----- -------
c0000000    c0000000    00000040   00000040    r-x
  c0000000    c0000000    00000040   00000040    r-x .text
c1000000    c1000000    00000020   00000020    r-x
  c1000000    c1000000    00000020   00000020    r-x .fartext


SECTION ALLOCATION MAP

 output                                  attributes/
section   page    origin      length       input sections
--------  ----  ----------  ----------   ----------------
.text      0    c0000000    00000040     
                  c0000000    00000020     q15-far.obj (.text)
                  c0000020    00000020     q15-far.obj ($Tramp$S$$faraway)

.fartext   0    c1000000    00000020     
                  c1000000    00000020     q15-far.obj (.fartext)

.cinit     0    c0000000    00000000     UNINITIALIZED

.init_array 
*          0    c0000000    00000000     UNINITIALIZED

MODULE SUMMARY

       Module         code   ro data   rw data
       ------         ----   -------   -------
    <current directory>
       q15-far.obj    96     0         0      
    +--+--------------+------+---------+---------+
       Total:         96     0         0      
                                              
    +--+--------------+------+---------+---------+
       Grand Total:   96     0         0      


FAR CALL TRAMPOLINES

callee name               trampoline name
   callee addr  tramp addr   call addr  call info
--------------  -----------  ---------  ----------------
$.fartext:q15-far.obj$0x0  $Tramp$S$$faraway
   c1000000     c0000020     c0000000   q15-far.obj (.text)

[1 trampolines]
[1 trampoline calls]


GLOBAL SYMBOLS: SORTED ALPHABETICALLY BY Name 

address   name                
-------   ----                
00000000  __TI_STATIC_BASE    
ffffffff  __TI_pprof_out_hndl 
ffffffff  __TI_prof_data_size 
ffffffff  __TI_prof_data_start
ffffffff  __binit__           
ffffffff  __c_args__          
c0000000  _c_int00            
ffffffff  binit               
c1000000  faraway             


GLOBAL SYMBOLS: SORTED BY Symbol Address 

address   name                
-------   ----                
00000000  __TI_STATIC_BASE    
c0000000  _c_int00            
c1000000  faraway             
ffffffff  __TI_pprof_out_hndl 
ffffffff  __TI_prof_data_size 
ffffffff  __TI_prof_data_start
ffffffff  __binit__           
ffffffff  __c_args__          
ffffffff  binit               

[9 symbols]
