******************************************************************************
               TMS320C6x Linker PC v8.2.2                      
******************************************************************************
>> Linked Tue Sep 22 19:47:22 2026

OUTPUT FILE NAME:   <q17-pcr-moved.out>
ENTRY POINT SYMBOL: "_c_int00"  address: c123b640


MEMORY CONFIGURATION

         name            origin    length      used     unused   attr    fill
----------------------  --------  ---------  --------  --------  ----  --------
  RAM                   c1234000   04000000  00009452  03ff6bae  RWIX


SEGMENT ALLOCATION MAP

run origin  load origin   length   init length attrs members
----------  ----------- ---------- ----------- ----- -------
c1234000    c1234000    00004000   00000000    rw-
  c1234000    c1234000    00004000   00000000    rw- .stack
c1238000    c1238000    00003fc0   00003fc0    r-x
  c1238000    c1238000    00003fc0   00003fc0    r-x .text
c123bfc0    c123bfc0    00001000   00000000    rw-
  c123bfc0    c123bfc0    00001000   00000000    rw- .sysmem
c123cfc0    c123cfc0    000002e8   000002e8    r--
  c123cfc0    c123cfc0    0000026a   0000026a    r-- .const
  c123d22c    c123d22c    0000007c   0000007c    r-- .c6xabi.extab
c123d2a8    c123d2a8    00000020   00000000    rw-
  c123d2a8    c123d2a8    00000020   00000000    rw- .fardata
c123d2c8    c123d2c8    00000190   00000190    r--
  c123d2c8    c123d2c8    00000014   00000014    r-- .switch
  c123d2e0    c123d2e0    00000030   00000030    r-- .cinit
  c123d310    c123d310    00000148   00000148    r-- .c6xabi.exidx


SECTION ALLOCATION MAP

 output                                  attributes/
section   page    origin      length       input sections
--------  ----  ----------  ----------   ----------------
.text      0    c1238000    00003fc0     
                  c1238000    00000640     rts6740_elf_eh.lib : tdeh_pr_c6000.obj (.text:_Z14process_unwindP15_Unwind_Context15_Unwind_PR_KindPj)
                  c1238640    00000580                        : rtti.obj (.text:_Z28derived_to_base_conversion_rPvPS_PKN10__cxxabiv117__class_type_infoES4_jPiiPS4_P19a_result_virtualityS5_)
                  c1238bc0    000004c0                        : tdeh_cpp_abi.obj (.text:__cxa_type_match)
                  c1239080    00000440                        : memory.obj (.text:free)
                  c12394c0    000003c0                        : tdeh_pr_common.obj (.text:_Z24__TI_process_descriptors13_Unwind_PhaseP19_Unwind_Exception_sP15_Unwind_Context15_Unwind_PR_KindPjP19_Unwind_Reason_CodePb)
                  c1239880    00000260                        : tdeh_pr_c6000.obj (.text:_Z26process_unwind_pop_bitmaskP15_Unwind_Context15_Unwind_PR_Kindjbb)
                  c1239ae0    00000240                        : tdeh_pr_common.obj (.text:_Z14process_fespecP19_Unwind_Exception_s13_Unwind_PhaseP15_Unwind_ContextPPjjjP19_Unwind_Reason_CodePb)
                  c1239d20    000001e0                        : tdeh_cpp_abi.obj (.text:__cxa_call_unexpected)
                  c1239f00    000001a0                        : memory.obj (.text:malloc)
                  c123a0a0    00000160                        : tdeh_pr_c6000.obj (.text:_Z18__TI_unwind_cpp_pr13_Unwind_PhaseP19_Unwind_Exception_sP15_Unwind_Context15_Unwind_PR_Kind)
                  c123a200    00000160                        : autoinit.obj (.text:_auto_init_elf)
                  c123a360    00000140                        : tdeh_cpp_abi.obj (.text:__cxa_end_catch)
                  c123a4a0    00000120                        : tdeh_pr_c6000.obj (.text:_Z16__TI_targ_set_prP19_Unwind_Exception_s)
                  c123a5c0    00000120                        : tdeh_unwinder.obj (.text:__TI_Unwind_RaiseException2)
                  c123a6e0    00000120                        : tdeh_uwentry_c6000.obj (.text)
                  c123a800    00000100                        : tdeh_unwinder.obj (.text:_Z16find_et_setup_prP19_Unwind_Exception_sj)
                  c123a900    00000100                        : copy_decompress_rle.obj (.text:__TI_decompress_rle_core)
                  c123aa00    00000100                        : tdeh_cpp_abi.obj (.text:__cxa_allocate_exception)
                  c123ab00    00000100                        : tdeh_cpp_abi.obj (.text:__cxa_get_globals)
                  c123ac00    00000100                        : rtti.obj (.text:__derived_to_base_conversion)
                  c123ad00    00000100                        : cpy_tbl.obj (.text:copy_in)
                  c123ae00    000000e0                        : tdeh_unwinder.obj (.text:__TI_Unwind_Resume)
                  c123aee0    000000e0                        : tdeh_cpp_abi.obj (.text:__cxa_rethrow)
                  c123afc0    000000e0                        : exit.obj (.text:exit)
                  c123b0a0    000000e0                        : memset.obj (.text:memset)
                  c123b180    000000c0                        : bsearch.obj (.text:bsearch)
                  c123b240    000000c0                        : memory.obj (.text:mremove)
                  c123b300    000000c0                        : tls.obj (.text:tls:init:__TI_tls_init)
                  c123b3c0    000000a0                        : tdeh_cpp_abi.obj (.text:__cxa_throw)
                  c123b460    000000a0                        : memory.obj (.text:_minit)
                  c123b500    000000a0                        : memcpy64.obj (.text:memcpy)
                  c123b5a0    000000a0                        : memory.obj (.text:minsert)
                  c123b640    00000080                        : boot.obj (.text:_c_int00)
                  c123b6c0    00000060                        : tdeh_cpp_abi.obj (.text:_Z37__TI_setup_handler_and_call_terminateP19_Unwind_Exception_s)
                  c123b720    00000060                        : typeinfo_.obj (.text:_ZNSt10bad_typeidD0Ev)
                  c123b780    00000060                        : tdeh_cpp_abi.obj (.text:_ZSt10unexpectedv)
                  c123b7e0    00000060                        : tdeh_cpp_abi.obj (.text:_ZSt9terminatev)
                  c123b840    00000060                        : rtti.obj (.text:__cxa_bad_typeid)
                  c123b8a0    00000060                        : tdeh_cpp_abi.obj (.text:__cxa_begin_catch)
                  c123b900    00000040                        : typeinfo_.obj (.text:_ZNSt10bad_typeidC1Ev)
                  c123b940    00000040                        : tdeh_pr_c6000.obj (.text:__TI_Unwind_RaiseException)
                  c123b980    00000040                        : tdeh_unwinder.obj (.text:__TI_ut_entry_cmp)
                  c123b9c0    00000040                        : tdeh_cpp_abi.obj (.text:__cxa_begin_cleanup)
                  c123ba00    00000040                        : args_main.obj (.text:_args_main)
                  c123ba40    00000020                        : tdeh_unwinder.obj (.text:_Z13__TI_prel2absPKj)
                  c123ba60    00000020                        : tdeh_pr_c6000.obj (.text:_Z22__TI_targ_rtti_addressPjP15_Unwind_Context)
                  c123ba80    00000020                        : tdeh_pr_c6000.obj (.text:_Z23__TI_targ_regbuf_get_pcP15_Unwind_Context)
                  c123baa0    00000020                        : tdeh_pr_c6000.obj (.text:_Z23__TI_targ_regbuf_get_sbP15_Unwind_Context)
                  c123bac0    00000020                        : tdeh_pr_c6000.obj (.text:_Z23__TI_targ_regbuf_get_spP15_Unwind_Context)
                  c123bae0    00000020                        : tdeh_pr_c6000.obj (.text:_Z23__TI_targ_regbuf_set_pcP15_Unwind_Contextj)
                  c123bb00    00000020                        : tdeh_pr_c6000.obj (.text:_Z24__TI_targ_regbuf_installP15_Unwind_Context)
                  c123bb20    00000020                        : tdeh_cpp_abi.obj (.text:_Z25__TI_default_term_handlerv)
                  c123bb40    00000020                        : tdeh_cpp_abi.obj (.text:_Z26__TI_default_unexp_handlerv)
                  c123bb60    00000020                        : tdeh_pr_c6000.obj (.text:_Z26__TI_targ_setup_call_parm0P15_Unwind_Contextj)
                  c123bb80    00000020                        : typeinfo_.obj (.text:_ZN10__cxxabiv117__class_type_infoD0Ev)
                  c123bba0    00000020                        : typeinfo_.obj (.text:_ZN10__cxxabiv117__class_type_infoD1Ev)
                  c123bbc0    00000020                        : typeinfo_.obj (.text:_ZN10__cxxabiv120__si_class_type_infoD0Ev)
                  c123bbe0    00000020                        : typeinfo_.obj (.text:_ZN10__cxxabiv120__si_class_type_infoD1Ev)
                  c123bc00    00000020                        : typeinfo_.obj (.text:_ZN10__cxxabiv123__fundamental_type_infoD0Ev)
                  c123bc20    00000020                        : typeinfo_.obj (.text:_ZN10__cxxabiv123__fundamental_type_infoD1Ev)
                  c123bc40    00000020                        : typeinfo_.obj (.text:_ZNKSt10bad_typeid4whatEv)
                  c123bc60    00000020                        : exception_.obj (.text:_ZNKSt13bad_exception4whatEv)
                  c123bc80    00000020                        : exception_.obj (.text:_ZNKSt9exception4whatEv)
                  c123bca0    00000020                        : typeinfo_.obj (.text:_ZNKSt9type_info4nameEv)
                  c123bcc0    00000020                        : typeinfo_.obj (.text:_ZNKSt9type_infoeqERKS_)
                  c123bce0    00000020                        : typeinfo_.obj (.text:_ZNSt10bad_typeidD1Ev)
                  c123bd00    00000020                        : exception_.obj (.text:_ZNSt13bad_exceptionC1Ev)
                  c123bd20    00000020                        : exception_.obj (.text:_ZNSt13bad_exceptionD0Ev)
                  c123bd40    00000020                        : exception_.obj (.text:_ZNSt13bad_exceptionD1Ev)
                  c123bd60    00000020                        : exception_.obj (.text:_ZNSt9exceptionC1Ev)
                  c123bd80    00000020                        : exception_.obj (.text:_ZNSt9exceptionD0Ev)
                  c123bda0    00000020                        : exception_.obj (.text:_ZNSt9exceptionD1Ev)
                  c123bdc0    00000020                        : delete.obj (.text:_ZdlPv)
                  c123bde0    00000020                        : tdeh_cpp_abi.obj (.text:__TI_cxa_end_cleanup)
                  c123be00    00000020                        : error.obj (.text:__abort_execution)
                  c123be20    00000020                        : tdeh_pr_c6000.obj (.text:__c6xabi_unwind_cpp_pr0)
                  c123be40    00000020                        : tdeh_pr_c6000.obj (.text:__c6xabi_unwind_cpp_pr1)
                  c123be60    00000020                        : tdeh_pr_c6000.obj (.text:__c6xabi_unwind_cpp_pr2)
                  c123be80    00000020                        : tdeh_pr_c6000.obj (.text:__c6xabi_unwind_cpp_pr3)
                  c123bea0    00000020                        : tdeh_pr_c6000.obj (.text:__c6xabi_unwind_cpp_pr4)
                  c123bec0    00000020                        : tdeh_init.obj (.text:__tdeh_init)
                  c123bee0    00000020                        : _lock.obj (.text:_nop)
                  c123bf00    00000020                        : startup.obj (.text:_system_post_cinit)
                  c123bf20    00000020                        : pre_init.obj (.text:_system_pre_init)
                  c123bf40    00000020                        : exit.obj (.text:abort)
                  c123bf60    00000020                        : copy_decompress_none.obj (.text:decompress:none:__TI_decompress_none)
                  c123bf80    00000020                        : copy_decompress_rle.obj (.text:decompress:rle24:__TI_decompress_rle24)
                  c123bfa0    00000020     q07-lib.obj (.text)

.const     0    c123cfc0    0000026a     
                  c123cfc0    00000028     rts6740_elf_eh.lib : typeinfo_.obj (.const:.typeinfo:_ZTSN10__cxxabiv123__fundamental_type_infoE)
                  c123cfe8    00000026                        : typeinfo_.obj (.const:.typeinfo:_ZTSN10__cxxabiv121__vmi_class_type_infoE)
                  c123d00e    00000002     --HOLE-- [fill = 0]
                  c123d010    00000025                        : typeinfo_.obj (.const:.typeinfo:_ZTSN10__cxxabiv120__si_class_type_infoE)
                  c123d035    00000003     --HOLE-- [fill = 0]
                  c123d038    00000024                        : typeinfo_.obj (.const:.typeinfo:_ZTSN10__cxxabiv119__pointer_type_infoE)
                  c123d05c    00000004                        : exception_.obj (.const:.string)
                  c123d060    00000022                        : typeinfo_.obj (.const:.typeinfo:_ZTSN10__cxxabiv117__class_type_infoE)
                  c123d082    00000002     --HOLE-- [fill = 0]
                  c123d084    00000004                        : typeinfo_.obj (.const:.string)
                  c123d088    00000022                        : typeinfo_.obj (.const:.typeinfo:_ZTSN10__cxxabiv117__pbase_type_infoE)
                  c123d0aa    00000006     --HOLE-- [fill = 0]
                  c123d0b0    00000014                        : typeinfo_.obj (.const:_ZTVSt10bad_typeid)
                  c123d0c4    00000004     --HOLE-- [fill = 0]
                  c123d0c8    00000014                        : exception_.obj (.const:_ZTVSt13bad_exception)
                  c123d0dc    00000004     --HOLE-- [fill = 0]
                  c123d0e0    00000014                        : exception_.obj (.const:_ZTVSt9exception)
                  c123d0f4    00000004     --HOLE-- [fill = 0]
                  c123d0f8    00000012                        : exception_.obj (.const:.typeinfo:_ZTSSt13bad_exception)
                  c123d10a    00000006     --HOLE-- [fill = 0]
                  c123d110    00000010                        : tdeh_pr_c6000.obj (.const:.string:BM_from_id_data)
                  c123d120    00000010                        : typeinfo_.obj (.const:_ZTVN10__cxxabiv117__class_type_infoE)
                  c123d130    00000010                        : typeinfo_.obj (.const:_ZTVN10__cxxabiv120__si_class_type_infoE)
                  c123d140    00000010                        : typeinfo_.obj (.const:_ZTVN10__cxxabiv123__fundamental_type_infoE)
                  c123d150    0000000f                        : typeinfo_.obj (.const:.typeinfo:_ZTSSt10bad_typeid)
                  c123d15f    00000001     --HOLE-- [fill = 0]
                  c123d160    0000000d                        : tdeh_pr_c6000.obj (.const:.string:$P$T0$1)
                  c123d16d    00000003     --HOLE-- [fill = 0]
                  c123d170    0000000d                        : tdeh_pr_c6000.obj (.const:.string:id_from_SD_data)
                  c123d17d    00000003     --HOLE-- [fill = 0]
                  c123d180    0000000d                        : exception_.obj (.const:.typeinfo:_ZTSSt9exception)
                  c123d18d    00000003     --HOLE-- [fill = 0]
                  c123d190    0000000d                        : typeinfo_.obj (.const:.typeinfo:_ZTSSt9type_info)
                  c123d19d    00000003     --HOLE-- [fill = 0]
                  c123d1a0    0000000c                        : tdeh_cpp_abi.obj (.const:.string)
                  c123d1ac    0000000c                        : typeinfo_.obj (.const:.typeinfo:_ZTIN10__cxxabiv117__class_type_infoE)
                  c123d1b8    0000000c                        : typeinfo_.obj (.const:.typeinfo:_ZTIN10__cxxabiv117__pbase_type_infoE)
                  c123d1c4    0000000c                        : typeinfo_.obj (.const:.typeinfo:_ZTIN10__cxxabiv119__pointer_type_infoE)
                  c123d1d0    0000000c                        : typeinfo_.obj (.const:.typeinfo:_ZTIN10__cxxabiv120__si_class_type_infoE)
                  c123d1dc    0000000c                        : typeinfo_.obj (.const:.typeinfo:_ZTIN10__cxxabiv121__vmi_class_type_infoE)
                  c123d1e8    0000000c                        : typeinfo_.obj (.const:.typeinfo:_ZTIN10__cxxabiv123__fundamental_type_infoE)
                  c123d1f4    0000000c                        : typeinfo_.obj (.const:.typeinfo:_ZTISt10bad_typeid)
                  c123d200    0000000c                        : exception_.obj (.const:.typeinfo:_ZTISt13bad_exception)
                  c123d20c    00000008                        : exception_.obj (.const:.typeinfo:_ZTISt9exception)
                  c123d214    00000008                        : typeinfo_.obj (.const:.typeinfo:_ZTISt9type_info)
                  c123d21c    00000008                        : tdeh_cpp_abi.obj (.const:.typeinfo:_ZTIv)
                  c123d224    00000004     --HOLE-- [fill = 0]
                  c123d228    00000002                        : tdeh_cpp_abi.obj (.const:.typeinfo:_ZTSv)

.fardata   0    c123d2a8    00000020     UNINITIALIZED
                  c123d2a8    0000000c     rts6740_elf_eh.lib : exit.obj (.fardata)
                  c123d2b4    00000008                        : memory.obj (.fardata)
                  c123d2bc    00000004                        : _lock.obj (.fardata:_lock)
                  c123d2c0    00000004                        : _lock.obj (.fardata:_unlock)
                  c123d2c4    00000004                        : tdeh_cpp_abi.obj (.fardata)

.cinit     0    c123d2e0    00000030     
                  c123d2e0    00000020     (.cinit..fardata.load) [load image, compression = rle]
                  c123d300    00000008     (__TI_handler_table)
                  c123d308    00000008     (__TI_cinit_table)

.init_array 
*          0    c1234000    00000000     UNINITIALIZED

.switch    0    c123d2c8    00000014     
                  c123d2c8    00000014     rts6740_elf_eh.lib : tdeh_pr_c6000.obj (.switch:_Z16__TI_targ_set_prP19_Unwind_Exception_s)

.stack     0    c1234000    00004000     UNINITIALIZED
                  c1234000    00000008     rts6740_elf_eh.lib : boot.obj (.stack)
                  c1234008    00003ff8     --HOLE--

.sysmem    0    c123bfc0    00001000     UNINITIALIZED
                  c123bfc0    00000008     rts6740_elf_eh.lib : memory.obj (.sysmem)
                  c123bfc8    00000ff8     --HOLE--

.c6xabi.extab 
*          0    c123d22c    0000007c     
                  c123d22c    00000030     rts6740_elf_eh.lib : tdeh_cpp_abi.obj (.c6xabi.extab:__cxa_call_unexpected)
                  c123d25c    0000001c                        : tdeh_cpp_abi.obj (.c6xabi.extab:__cxa_end_catch)
                  c123d278    00000010                        : typeinfo_.obj (.c6xabi.extab:_ZNSt10bad_typeidC1Ev)
                  c123d288    00000010                        : typeinfo_.obj (.c6xabi.extab:_ZNSt10bad_typeidD1Ev)
                  c123d298    00000010                        : delete.obj (.c6xabi.extab:_ZdlPv)

.c6xabi.exidx 
*          0    c123d310    00000148     
                  c123d310    00000008     (.c6xabi.exidx.text:_Z14process_unwindP15_Unwind_Context15_Unwind_PR_KindPj:rts6740_elf_eh.lib<tdeh_pr_c6000.obj>)
                  c123d318    00000008     rts6740_elf_eh.lib : rtti.obj (.c6xabi.exidx:.text:_Z28derived_to_base_conversion_rPvPS_PKN10__cxxabiv117__class_type_infoES4_jPiiPS4_P19a_result_virtualityS5_)
                  c123d320    00000008                        : tdeh_cpp_abi.obj (.c6xabi.exidx:.text:__cxa_type_match)
                  c123d328    00000008     (.c6xabi.exidx.text:free:rts6740_elf_eh.lib<memory.obj>)
                  c123d330    00000008                        : tdeh_pr_common.obj (.c6xabi.exidx:.text:_Z24__TI_process_descriptors13_Unwind_PhaseP19_Unwind_Exception_sP15_Unwind_Context15_Unwind_PR_KindPjP19_Unwind_Reason_CodePb)
                  c123d338    00000008     (.c6xabi.exidx.text:_Z26process_unwind_pop_bitmaskP15_Unwind_Context15_Unwind_PR_Kindjbb:rts6740_elf_eh.lib<tdeh_pr_c6000.obj>)
                  c123d340    00000008                        : tdeh_pr_common.obj (.c6xabi.exidx:.text:_Z14process_fespecP19_Unwind_Exception_s13_Unwind_PhaseP15_Unwind_ContextPPjjjP19_Unwind_Reason_CodePb)
                  c123d348    00000008                        : tdeh_cpp_abi.obj (.c6xabi.exidx:.text:__cxa_call_unexpected)
                  c123d350    00000008     (.c6xabi.exidx.text:malloc:rts6740_elf_eh.lib<memory.obj>)
                  c123d358    00000008                        : tdeh_pr_c6000.obj (.c6xabi.exidx:.text:_Z18__TI_unwind_cpp_pr13_Unwind_PhaseP19_Unwind_Exception_sP15_Unwind_Context15_Unwind_PR_Kind)
                  c123d360    00000008     (.c6xabi.exidx.text:_auto_init_elf:rts6740_elf_eh.lib<autoinit.obj>)
                  c123d368    00000008                        : tdeh_cpp_abi.obj (.c6xabi.exidx:.text:__cxa_end_catch)
                  c123d370    00000008                        : tdeh_pr_c6000.obj (.c6xabi.exidx:.text:_Z16__TI_targ_set_prP19_Unwind_Exception_s)
                  c123d378    00000008                        : tdeh_unwinder.obj (.c6xabi.exidx:.text:__TI_Unwind_RaiseException2)
                  c123d380    00000008     (.c6xabi.exidx.text:rts6740_elf_eh.lib<tdeh_uwentry_c6000.obj>)
                  c123d388    00000008                        : tdeh_unwinder.obj (.c6xabi.exidx:.text:_Z16find_et_setup_prP19_Unwind_Exception_sj)
                  c123d390    00000008     (.c6xabi.exidx.text:__TI_decompress_rle_core:rts6740_elf_eh.lib<copy_decompress_rle.obj>)
                  c123d398    00000008                        : tdeh_cpp_abi.obj (.c6xabi.exidx:.text:__cxa_allocate_exception)
                  c123d3a0    00000008                        : tdeh_cpp_abi.obj (.c6xabi.exidx:.text:__cxa_get_globals)
                  c123d3a8    00000008                        : rtti.obj (.c6xabi.exidx:.text:__derived_to_base_conversion)
                  c123d3b0    00000008     (.c6xabi.exidx.text:copy_in:rts6740_elf_eh.lib<cpy_tbl.obj>)
                  c123d3b8    00000008                        : tdeh_unwinder.obj (.c6xabi.exidx:.text:__TI_Unwind_Resume)
                  c123d3c0    00000008     (.c6xabi.exidx.text:exit:rts6740_elf_eh.lib<exit.obj>)
                  c123d3c8    00000008                        : tdeh_cpp_abi.obj (.c6xabi.exidx:.text:__cxa_throw)
                  c123d3d0    00000008     (.c6xabi.exidx.text:_minit:rts6740_elf_eh.lib<memory.obj>)
                  c123d3d8    00000008                        : tdeh_cpp_abi.obj (.c6xabi.exidx:.text:_Z37__TI_setup_handler_and_call_terminateP19_Unwind_Exception_s)
                  c123d3e0    00000008     (.c6xabi.exidx.text:_ZNSt10bad_typeidD0Ev:rts6740_elf_eh.lib<typeinfo_.obj>)
                  c123d3e8    00000008                        : tdeh_cpp_abi.obj (.c6xabi.exidx:.text:_ZSt10unexpectedv)
                  c123d3f0    00000008                        : rtti.obj (.c6xabi.exidx:.text:__cxa_bad_typeid)
                  c123d3f8    00000008                        : typeinfo_.obj (.c6xabi.exidx:.text:_ZNSt10bad_typeidC1Ev)
                  c123d400    00000008                        : tdeh_pr_c6000.obj (.c6xabi.exidx:.text:__TI_Unwind_RaiseException)
                  c123d408    00000008     (.c6xabi.exidx.text:__TI_ut_entry_cmp:rts6740_elf_eh.lib<tdeh_unwinder.obj>)
                  c123d410    00000008                        : tdeh_cpp_abi.obj (.c6xabi.exidx:.text:__cxa_begin_cleanup)
                  c123d418    00000008     (.c6xabi.exidx.text:_args_main:rts6740_elf_eh.lib<args_main.obj>)
                  c123d420    00000008                        : tdeh_pr_c6000.obj (.c6xabi.exidx:.text:_Z24__TI_targ_regbuf_installP15_Unwind_Context)
                  c123d428    00000008     (.c6xabi.exidx.text:_Z26__TI_targ_setup_call_parm0P15_Unwind_Contextj:rts6740_elf_eh.lib<tdeh_pr_c6000.obj>)
                  c123d430    00000008                        : typeinfo_.obj (.c6xabi.exidx:.text:_ZNSt10bad_typeidD1Ev)
                  c123d438    00000008     (.c6xabi.exidx.text:_ZNSt13bad_exceptionC1Ev:rts6740_elf_eh.lib<exception_.obj>)
                  c123d440    00000008                        : delete.obj (.c6xabi.exidx:.text:_ZdlPv)
                  c123d448    00000008                        : tdeh_cpp_abi.obj (.c6xabi.exidx:.text:__TI_cxa_end_cleanup)
                  c123d450    00000008     (.c6xabi.exidx.text:_nop:rts6740_elf_eh.lib<_lock.obj>)

MODULE SUMMARY

       Module                     code    ro data   rw data
       ------                     ----    -------   -------
    <current directory>
       q07-lib.obj                32      0         0      
    +--+--------------------------+-------+---------+---------+
       Total:                     32      0         0      
                                                           
    C:\Users\GRA\Documents\VM6747\tilib\rts6740_elf_eh.lib
       tdeh_cpp_abi.obj           3456    178       4      
       tdeh_pr_c6000.obj          3296    94        0      
       memory.obj                 2016    0         8      
       rtti.obj                   1760    24        0      
       tdeh_pr_common.obj         1536    16        0      
       typeinfo_.obj              480     459       0      
       tdeh_unwinder.obj          864     24        0      
       autoinit.obj               352     0         0      
       exception_.obj             256     95        0      
       copy_decompress_rle.obj    288     0         0      
       tdeh_uwentry_c6000.obj     288     0         0      
       exit.obj                   256     0         12     
       cpy_tbl.obj                256     0         0      
       memset.obj                 224     0         0      
       bsearch.obj                192     0         0      
       tls.obj                    192     0         0      
       memcpy64.obj               160     0         0      
       boot.obj                   128     0         0      
       args_main.obj              64      0         0      
       delete.obj                 32      24        0      
       _lock.obj                  32      0         8      
       copy_decompress_none.obj   32      0         0      
       error.obj                  32      0         0      
       pre_init.obj               32      0         0      
       startup.obj                32      0         0      
       tdeh_init.obj              32      0         0      
    +--+--------------------------+-------+---------+---------+
       Total:                     16288   914       32     
                                                           
       Heap:                      0       0         4096   
       Stack:                     0       0         16384  
       Linker Generated:          0       176       0      
    +--+--------------------------+-------+---------+---------+
       Grand Total:               16320   1090      20512  


LINKER GENERATED COPY TABLES

__TI_cinit_table @ c123d308 records: 1, size/record: 8, table size: 8
	.fardata: load addr=c123d2e0, load size=00000020 bytes, run addr=c123d2a8, run size=00000020 bytes, compression=rle


LINKER GENERATED HANDLER TABLE

__TI_handler_table @ c123d300 records: 2, size/record: 4, table size: 8
	index: 0, handler: __TI_decompress_rle24
	index: 1, handler: __TI_decompress_none


GLOBAL SYMBOLS: SORTED ALPHABETICALLY BY Name 

address   name                                                                                                                          
-------   ----                                                                                                                          
c123bf40  C$$EXIT                                                                                                                       
c123a6e0  _Unwind_RaiseException                                                                                                        
c123a718  _Unwind_Resume                                                                                                                
c123ba40  _Z13__TI_prel2absPKj                                                                                                          
c123a4a0  _Z16__TI_targ_set_prP19_Unwind_Exception_s                                                                                    
c123ba60  _Z22__TI_targ_rtti_addressPjP15_Unwind_Context                                                                                
c123ba80  _Z23__TI_targ_regbuf_get_pcP15_Unwind_Context                                                                                 
c123baa0  _Z23__TI_targ_regbuf_get_sbP15_Unwind_Context                                                                                 
c123bac0  _Z23__TI_targ_regbuf_get_spP15_Unwind_Context                                                                                 
c123bae0  _Z23__TI_targ_regbuf_set_pcP15_Unwind_Contextj                                                                                
c12394c0  _Z24__TI_process_descriptors13_Unwind_PhaseP19_Unwind_Exception_sP15_Unwind_Context15_Unwind_PR_KindPjP19_Unwind_Reason_CodePb
c123bb00  _Z24__TI_targ_regbuf_installP15_Unwind_Context                                                                                
c123bb60  _Z26__TI_targ_setup_call_parm0P15_Unwind_Contextj                                                                             
c123bb80  _ZN10__cxxabiv117__class_type_infoD0Ev                                                                                        
c123bba0  _ZN10__cxxabiv117__class_type_infoD1Ev                                                                                        
c123bba0  _ZN10__cxxabiv117__class_type_infoD2Ev                                                                                        
c123bbc0  _ZN10__cxxabiv120__si_class_type_infoD0Ev                                                                                     
c123bbe0  _ZN10__cxxabiv120__si_class_type_infoD1Ev                                                                                     
c123bbe0  _ZN10__cxxabiv120__si_class_type_infoD2Ev                                                                                     
c123bc00  _ZN10__cxxabiv123__fundamental_type_infoD0Ev                                                                                  
c123bc20  _ZN10__cxxabiv123__fundamental_type_infoD1Ev                                                                                  
c123bc20  _ZN10__cxxabiv123__fundamental_type_infoD2Ev                                                                                  
c123bc40  _ZNKSt10bad_typeid4whatEv                                                                                                     
c123bc60  _ZNKSt13bad_exception4whatEv                                                                                                  
c123bc80  _ZNKSt9exception4whatEv                                                                                                       
c123bca0  _ZNKSt9type_info4nameEv                                                                                                       
c123bcc0  _ZNKSt9type_infoeqERKS_                                                                                                       
c123b900  _ZNSt10bad_typeidC1Ev                                                                                                         
c123b900  _ZNSt10bad_typeidC2Ev                                                                                                         
c123b720  _ZNSt10bad_typeidD0Ev                                                                                                         
c123bce0  _ZNSt10bad_typeidD1Ev                                                                                                         
c123bce0  _ZNSt10bad_typeidD2Ev                                                                                                         
c123bd00  _ZNSt13bad_exceptionC1Ev                                                                                                      
c123bd00  _ZNSt13bad_exceptionC2Ev                                                                                                      
c123bd20  _ZNSt13bad_exceptionD0Ev                                                                                                      
c123bd40  _ZNSt13bad_exceptionD1Ev                                                                                                      
c123bd40  _ZNSt13bad_exceptionD2Ev                                                                                                      
c123bd60  _ZNSt9exceptionC1Ev                                                                                                           
c123bd60  _ZNSt9exceptionC2Ev                                                                                                           
c123bd80  _ZNSt9exceptionD0Ev                                                                                                           
c123bda0  _ZNSt9exceptionD1Ev                                                                                                           
c123bda0  _ZNSt9exceptionD2Ev                                                                                                           
c123b780  _ZSt10unexpectedv                                                                                                             
c123b7e0  _ZSt9terminatev                                                                                                               
c123d1ac  _ZTIN10__cxxabiv117__class_type_infoE                                                                                         
c123d1b8  _ZTIN10__cxxabiv117__pbase_type_infoE                                                                                         
c123d1c4  _ZTIN10__cxxabiv119__pointer_type_infoE                                                                                       
c123d1d0  _ZTIN10__cxxabiv120__si_class_type_infoE                                                                                      
c123d1dc  _ZTIN10__cxxabiv121__vmi_class_type_infoE                                                                                     
c123d1e8  _ZTIN10__cxxabiv123__fundamental_type_infoE                                                                                   
c123d1f4  _ZTISt10bad_typeid                                                                                                            
c123d200  _ZTISt13bad_exception                                                                                                         
c123d20c  _ZTISt9exception                                                                                                              
c123d214  _ZTISt9type_info                                                                                                              
c123d21c  _ZTIv                                                                                                                         
c123d060  _ZTSN10__cxxabiv117__class_type_infoE                                                                                         
c123d088  _ZTSN10__cxxabiv117__pbase_type_infoE                                                                                         
c123d038  _ZTSN10__cxxabiv119__pointer_type_infoE                                                                                       
c123d010  _ZTSN10__cxxabiv120__si_class_type_infoE                                                                                      
c123cfe8  _ZTSN10__cxxabiv121__vmi_class_type_infoE                                                                                     
c123cfc0  _ZTSN10__cxxabiv123__fundamental_type_infoE                                                                                   
c123d150  _ZTSSt10bad_typeid                                                                                                            
c123d0f8  _ZTSSt13bad_exception                                                                                                         
c123d180  _ZTSSt9exception                                                                                                              
c123d190  _ZTSSt9type_info                                                                                                              
c123d228  _ZTSv                                                                                                                         
c123d120  _ZTVN10__cxxabiv117__class_type_infoE                                                                                         
c123d130  _ZTVN10__cxxabiv120__si_class_type_infoE                                                                                      
c123d140  _ZTVN10__cxxabiv123__fundamental_type_infoE                                                                                   
c123d0b0  _ZTVSt10bad_typeid                                                                                                            
c123d0c8  _ZTVSt13bad_exception                                                                                                         
c123d0e0  _ZTVSt9exception                                                                                                              
c123bdc0  _ZdlPv                                                                                                                        
c123d308  __TI_CINIT_Base                                                                                                               
c123d310  __TI_CINIT_Limit                                                                                                              
c123d300  __TI_Handler_Table_Base                                                                                                       
c123d308  __TI_Handler_Table_Limit                                                                                                      
UNDEFED   __TI_INITARRAY_Base                                                                                                           
UNDEFED   __TI_INITARRAY_Limit                                                                                                          
c123a728  __TI_Install_CoreRegs                                                                                                         
c1238000  __TI_STACK_END                                                                                                                
00004000  __TI_STACK_SIZE                                                                                                               
00000000  __TI_STATIC_BASE                                                                                                              
00001000  __TI_SYSMEM_SIZE                                                                                                              
UNDEFED   __TI_TLS_INIT_Base                                                                                                            
UNDEFED   __TI_TLS_INIT_Limit                                                                                                           
c123d458  __TI_UNWIND_TABLE_END                                                                                                         
c123d310  __TI_UNWIND_TABLE_START                                                                                                       
c123b940  __TI_Unwind_RaiseException                                                                                                    
c123a5c0  __TI_Unwind_RaiseException2                                                                                                   
c123ae00  __TI_Unwind_Resume                                                                                                            
c123d2a8  __TI_cleanup_ptr                                                                                                              
c123bde0  __TI_cxa_end_cleanup                                                                                                          
c123bf60  __TI_decompress_none                                                                                                          
c123bf80  __TI_decompress_rle24                                                                                                         
c123d2ac  __TI_dtors_ptr                                                                                                                
c123d2b0  __TI_enable_exit_profile_output                                                                                               
ffffffff  __TI_pprof_out_hndl                                                                                                           
ffffffff  __TI_prof_data_size                                                                                                           
ffffffff  __TI_prof_data_start                                                                                                          
c123b300  __TI_tls_init                                                                                                                 
c123b980  __TI_ut_entry_cmp                                                                                                             
c123be00  __abort_execution                                                                                                             
ffffffff  __binit__                                                                                                                     
c123be20  __c6xabi_unwind_cpp_pr0                                                                                                       
c123be40  __c6xabi_unwind_cpp_pr1                                                                                                       
c123be60  __c6xabi_unwind_cpp_pr2                                                                                                       
c123be80  __c6xabi_unwind_cpp_pr3                                                                                                       
c123bea0  __c6xabi_unwind_cpp_pr4                                                                                                       
ffffffff  __c_args__                                                                                                                    
c123aa00  __cxa_allocate_exception                                                                                                      
c123b840  __cxa_bad_typeid                                                                                                              
c123b8a0  __cxa_begin_catch                                                                                                             
c123b9c0  __cxa_begin_cleanup                                                                                                           
c1239d20  __cxa_call_unexpected                                                                                                         
c123a360  __cxa_end_catch                                                                                                               
c123a754  __cxa_end_cleanup                                                                                                             
c123ab00  __cxa_get_globals                                                                                                             
c123aee0  __cxa_rethrow                                                                                                                 
c123b3c0  __cxa_throw                                                                                                                   
c1238bc0  __cxa_type_match                                                                                                              
c123ac00  __derived_to_base_conversion                                                                                                  
c123bec0  __tdeh_init                                                                                                                   
c123ba00  _args_main                                                                                                                    
c123a200  _auto_init_elf                                                                                                                
c123b640  _c_int00                                                                                                                      
c123d2bc  _lock                                                                                                                         
c123b460  _minit                                                                                                                        
c123bee0  _nop                                                                                                                          
c1234000  _stack                                                                                                                        
c123bfc0  _sys_memory                                                                                                                   
c123bf00  _system_post_cinit                                                                                                            
c123bf20  _system_pre_init                                                                                                              
c123d2c0  _unlock                                                                                                                       
c123bf40  abort                                                                                                                         
ffffffff  binit                                                                                                                         
c123b180  bsearch                                                                                                                       
c123ad00  copy_in                                                                                                                       
c123afc0  exit                                                                                                                          
c1239080  free                                                                                                                          
c123bfa0  main                                                                                                                          
c1239f00  malloc                                                                                                                        
c123b500  memcpy                                                                                                                        
c123b0a0  memset                                                                                                                        


GLOBAL SYMBOLS: SORTED BY Symbol Address 

address   name                                                                                                                          
-------   ----                                                                                                                          
00000000  __TI_STATIC_BASE                                                                                                              
00001000  __TI_SYSMEM_SIZE                                                                                                              
00004000  __TI_STACK_SIZE                                                                                                               
c1234000  _stack                                                                                                                        
c1238000  __TI_STACK_END                                                                                                                
c1238bc0  __cxa_type_match                                                                                                              
c1239080  free                                                                                                                          
c12394c0  _Z24__TI_process_descriptors13_Unwind_PhaseP19_Unwind_Exception_sP15_Unwind_Context15_Unwind_PR_KindPjP19_Unwind_Reason_CodePb
c1239d20  __cxa_call_unexpected                                                                                                         
c1239f00  malloc                                                                                                                        
c123a200  _auto_init_elf                                                                                                                
c123a360  __cxa_end_catch                                                                                                               
c123a4a0  _Z16__TI_targ_set_prP19_Unwind_Exception_s                                                                                    
c123a5c0  __TI_Unwind_RaiseException2                                                                                                   
c123a6e0  _Unwind_RaiseException                                                                                                        
c123a718  _Unwind_Resume                                                                                                                
c123a728  __TI_Install_CoreRegs                                                                                                         
c123a754  __cxa_end_cleanup                                                                                                             
c123aa00  __cxa_allocate_exception                                                                                                      
c123ab00  __cxa_get_globals                                                                                                             
c123ac00  __derived_to_base_conversion                                                                                                  
c123ad00  copy_in                                                                                                                       
c123ae00  __TI_Unwind_Resume                                                                                                            
c123aee0  __cxa_rethrow                                                                                                                 
c123afc0  exit                                                                                                                          
c123b0a0  memset                                                                                                                        
c123b180  bsearch                                                                                                                       
c123b300  __TI_tls_init                                                                                                                 
c123b3c0  __cxa_throw                                                                                                                   
c123b460  _minit                                                                                                                        
c123b500  memcpy                                                                                                                        
c123b640  _c_int00                                                                                                                      
c123b720  _ZNSt10bad_typeidD0Ev                                                                                                         
c123b780  _ZSt10unexpectedv                                                                                                             
c123b7e0  _ZSt9terminatev                                                                                                               
c123b840  __cxa_bad_typeid                                                                                                              
c123b8a0  __cxa_begin_catch                                                                                                             
c123b900  _ZNSt10bad_typeidC1Ev                                                                                                         
c123b900  _ZNSt10bad_typeidC2Ev                                                                                                         
c123b940  __TI_Unwind_RaiseException                                                                                                    
c123b980  __TI_ut_entry_cmp                                                                                                             
c123b9c0  __cxa_begin_cleanup                                                                                                           
c123ba00  _args_main                                                                                                                    
c123ba40  _Z13__TI_prel2absPKj                                                                                                          
c123ba60  _Z22__TI_targ_rtti_addressPjP15_Unwind_Context                                                                                
c123ba80  _Z23__TI_targ_regbuf_get_pcP15_Unwind_Context                                                                                 
c123baa0  _Z23__TI_targ_regbuf_get_sbP15_Unwind_Context                                                                                 
c123bac0  _Z23__TI_targ_regbuf_get_spP15_Unwind_Context                                                                                 
c123bae0  _Z23__TI_targ_regbuf_set_pcP15_Unwind_Contextj                                                                                
c123bb00  _Z24__TI_targ_regbuf_installP15_Unwind_Context                                                                                
c123bb60  _Z26__TI_targ_setup_call_parm0P15_Unwind_Contextj                                                                             
c123bb80  _ZN10__cxxabiv117__class_type_infoD0Ev                                                                                        
c123bba0  _ZN10__cxxabiv117__class_type_infoD1Ev                                                                                        
c123bba0  _ZN10__cxxabiv117__class_type_infoD2Ev                                                                                        
c123bbc0  _ZN10__cxxabiv120__si_class_type_infoD0Ev                                                                                     
c123bbe0  _ZN10__cxxabiv120__si_class_type_infoD1Ev                                                                                     
c123bbe0  _ZN10__cxxabiv120__si_class_type_infoD2Ev                                                                                     
c123bc00  _ZN10__cxxabiv123__fundamental_type_infoD0Ev                                                                                  
c123bc20  _ZN10__cxxabiv123__fundamental_type_infoD1Ev                                                                                  
c123bc20  _ZN10__cxxabiv123__fundamental_type_infoD2Ev                                                                                  
c123bc40  _ZNKSt10bad_typeid4whatEv                                                                                                     
c123bc60  _ZNKSt13bad_exception4whatEv                                                                                                  
c123bc80  _ZNKSt9exception4whatEv                                                                                                       
c123bca0  _ZNKSt9type_info4nameEv                                                                                                       
c123bcc0  _ZNKSt9type_infoeqERKS_                                                                                                       
c123bce0  _ZNSt10bad_typeidD1Ev                                                                                                         
c123bce0  _ZNSt10bad_typeidD2Ev                                                                                                         
c123bd00  _ZNSt13bad_exceptionC1Ev                                                                                                      
c123bd00  _ZNSt13bad_exceptionC2Ev                                                                                                      
c123bd20  _ZNSt13bad_exceptionD0Ev                                                                                                      
c123bd40  _ZNSt13bad_exceptionD1Ev                                                                                                      
c123bd40  _ZNSt13bad_exceptionD2Ev                                                                                                      
c123bd60  _ZNSt9exceptionC1Ev                                                                                                           
c123bd60  _ZNSt9exceptionC2Ev                                                                                                           
c123bd80  _ZNSt9exceptionD0Ev                                                                                                           
c123bda0  _ZNSt9exceptionD1Ev                                                                                                           
c123bda0  _ZNSt9exceptionD2Ev                                                                                                           
c123bdc0  _ZdlPv                                                                                                                        
c123bde0  __TI_cxa_end_cleanup                                                                                                          
c123be00  __abort_execution                                                                                                             
c123be20  __c6xabi_unwind_cpp_pr0                                                                                                       
c123be40  __c6xabi_unwind_cpp_pr1                                                                                                       
c123be60  __c6xabi_unwind_cpp_pr2                                                                                                       
c123be80  __c6xabi_unwind_cpp_pr3                                                                                                       
c123bea0  __c6xabi_unwind_cpp_pr4                                                                                                       
c123bec0  __tdeh_init                                                                                                                   
c123bee0  _nop                                                                                                                          
c123bf00  _system_post_cinit                                                                                                            
c123bf20  _system_pre_init                                                                                                              
c123bf40  C$$EXIT                                                                                                                       
c123bf40  abort                                                                                                                         
c123bf60  __TI_decompress_none                                                                                                          
c123bf80  __TI_decompress_rle24                                                                                                         
c123bfa0  main                                                                                                                          
c123bfc0  _sys_memory                                                                                                                   
c123cfc0  _ZTSN10__cxxabiv123__fundamental_type_infoE                                                                                   
c123cfe8  _ZTSN10__cxxabiv121__vmi_class_type_infoE                                                                                     
c123d010  _ZTSN10__cxxabiv120__si_class_type_infoE                                                                                      
c123d038  _ZTSN10__cxxabiv119__pointer_type_infoE                                                                                       
c123d060  _ZTSN10__cxxabiv117__class_type_infoE                                                                                         
c123d088  _ZTSN10__cxxabiv117__pbase_type_infoE                                                                                         
c123d0b0  _ZTVSt10bad_typeid                                                                                                            
c123d0c8  _ZTVSt13bad_exception                                                                                                         
c123d0e0  _ZTVSt9exception                                                                                                              
c123d0f8  _ZTSSt13bad_exception                                                                                                         
c123d120  _ZTVN10__cxxabiv117__class_type_infoE                                                                                         
c123d130  _ZTVN10__cxxabiv120__si_class_type_infoE                                                                                      
c123d140  _ZTVN10__cxxabiv123__fundamental_type_infoE                                                                                   
c123d150  _ZTSSt10bad_typeid                                                                                                            
c123d180  _ZTSSt9exception                                                                                                              
c123d190  _ZTSSt9type_info                                                                                                              
c123d1ac  _ZTIN10__cxxabiv117__class_type_infoE                                                                                         
c123d1b8  _ZTIN10__cxxabiv117__pbase_type_infoE                                                                                         
c123d1c4  _ZTIN10__cxxabiv119__pointer_type_infoE                                                                                       
c123d1d0  _ZTIN10__cxxabiv120__si_class_type_infoE                                                                                      
c123d1dc  _ZTIN10__cxxabiv121__vmi_class_type_infoE                                                                                     
c123d1e8  _ZTIN10__cxxabiv123__fundamental_type_infoE                                                                                   
c123d1f4  _ZTISt10bad_typeid                                                                                                            
c123d200  _ZTISt13bad_exception                                                                                                         
c123d20c  _ZTISt9exception                                                                                                              
c123d214  _ZTISt9type_info                                                                                                              
c123d21c  _ZTIv                                                                                                                         
c123d228  _ZTSv                                                                                                                         
c123d2a8  __TI_cleanup_ptr                                                                                                              
c123d2ac  __TI_dtors_ptr                                                                                                                
c123d2b0  __TI_enable_exit_profile_output                                                                                               
c123d2bc  _lock                                                                                                                         
c123d2c0  _unlock                                                                                                                       
c123d300  __TI_Handler_Table_Base                                                                                                       
c123d308  __TI_CINIT_Base                                                                                                               
c123d308  __TI_Handler_Table_Limit                                                                                                      
c123d310  __TI_CINIT_Limit                                                                                                              
c123d310  __TI_UNWIND_TABLE_START                                                                                                       
c123d458  __TI_UNWIND_TABLE_END                                                                                                         
ffffffff  __TI_pprof_out_hndl                                                                                                           
ffffffff  __TI_prof_data_size                                                                                                           
ffffffff  __TI_prof_data_start                                                                                                          
ffffffff  __binit__                                                                                                                     
ffffffff  __c_args__                                                                                                                    
ffffffff  binit                                                                                                                         
UNDEFED   __TI_INITARRAY_Base                                                                                                           
UNDEFED   __TI_INITARRAY_Limit                                                                                                          
UNDEFED   __TI_TLS_INIT_Base                                                                                                            
UNDEFED   __TI_TLS_INIT_Limit                                                                                                           

[144 symbols]
