******************************************************************************
               TMS320C6x Linker PC v8.2.2                      
******************************************************************************
>> Linked Tue Sep 22 19:47:22 2026

OUTPUT FILE NAME:   <q19-order-named.out>
ENTRY POINT SYMBOL: "_c_int00"  address: c00001c0


MEMORY CONFIGURATION

         name            origin    length      used     unused   attr    fill
----------------------  --------  ---------  --------  --------  ----  --------
  RAM                   c0000000   04000000  00000230  03fffdd0  RWIX


SEGMENT ALLOCATION MAP

run origin  load origin   length   init length attrs members
----------  ----------- ---------- ----------- ----- -------
c0000000    c0000000    00000230   00000230    r-x
  c0000000    c0000000    00000100   00000100    r-- .neardata
  c0000100    c0000100    00000080   00000080    r-- .switch
  c0000180    c0000180    00000040   00000040    r-- .const
  c00001c0    c00001c0    00000040   00000040    r-x .text
  c0000200    c0000200    00000020   00000020    r-- .fardata
  c0000220    c0000220    00000010   00000010    r-- .rodata


SECTION ALLOCATION MAP

 output                                  attributes/
section   page    origin      length       input sections
--------  ----  ----------  ----------   ----------------
.neardata 
*          0    c0000000    00000100     
                  c0000000    00000100     q19-order.obj (.neardata)

.switch    0    c0000100    00000080     
                  c0000100    00000080     q19-order.obj (.switch)

.const     0    c0000180    00000040     
                  c0000180    00000040     q19-order.obj (.const)

.text      0    c00001c0    00000040     
                  c00001c0    00000040     q19-order.obj (.text)

.fardata   0    c0000200    00000020     
                  c0000200    00000020     q19-order.obj (.fardata)

.rodata    0    c0000220    00000010     
                  c0000220    00000010     q19-order.obj (.rodata)

.cinit     0    c0000000    00000000     UNINITIALIZED

.init_array 
*          0    c0000000    00000000     UNINITIALIZED

MODULE SUMMARY

       Module          code   ro data   rw data
       ------          ----   -------   -------
    <current directory>
       q19-order.obj   64     496       0      
    +--+---------------+------+---------+---------+
       Total:          64     496       0      
                                               
    +--+---------------+------+---------+---------+
       Grand Total:    64     496       0      


GLOBAL SYMBOLS: SORTED ALPHABETICALLY BY Name 

address   name                
-------   ----                
00000000  __TI_STATIC_BASE    
ffffffff  __TI_pprof_out_hndl 
ffffffff  __TI_prof_data_size 
ffffffff  __TI_prof_data_start
ffffffff  __binit__           
ffffffff  __c_args__          
c00001c0  _c_int00            
ffffffff  binit               


GLOBAL SYMBOLS: SORTED BY Symbol Address 

address   name                
-------   ----                
00000000  __TI_STATIC_BASE    
c00001c0  _c_int00            
ffffffff  __TI_pprof_out_hndl 
ffffffff  __TI_prof_data_size 
ffffffff  __TI_prof_data_start
ffffffff  __binit__           
ffffffff  __c_args__          
ffffffff  binit               

[8 symbols]
