******************************************************************************
               TMS320C6x Linker PC v7.4.4                      
******************************************************************************
>> Linked Sat Oct 03 19:52:42 2026

OUTPUT FILE NAME:   <q30-initarray-744.out>
ENTRY POINT SYMBOL: "_c_int00"  address: c0006e60


MEMORY CONFIGURATION

         name            origin    length      used     unused   attr    fill
----------------------  --------  ---------  --------  --------  ----  --------
  RAM                   c0000000   04000000  00009036  03ff6fca  RWIX


SEGMENT ALLOCATION MAP

run origin  load origin   length   init length attrs members
----------  ----------- ---------- ----------- ----- -------
c0000000    c0000000    00004000   00000000    rw-
  c0000000    c0000000    00004000   00000000    rw- .stack
c0004000    c0004000    00003b60   00003b60    r-x
  c0004000    c0004000    00003b60   00003b60    r-x .text
c0007b60    c0007b60    00001000   00000000    rw-
  c0007b60    c0007b60    00001000   00000000    rw- .sysmem
c0008b60    c0008b60    00000282   00000282    r--
  c0008b60    c0008b60    00000282   00000282    r-- .const
c0008de4    c0008de4    0000005c   0000005c    r--
  c0008de4    c0008de4    0000005c   0000005c    r-- .c6xabi.extab
c0008e40    c0008e40    00000024   00000024    rw-
  c0008e40    c0008e40    00000024   00000024    rw- .fardata
c0008e64    c0008e64    000001d4   000001d4    r--
  c0008e64    c0008e64    00000014   00000014    r-- .switch
  c0008e78    c0008e78    00000004   00000004    r-- .init_array
  c0008e7c    c0008e7c    00000034   00000034    r-- .cinit
  c0008eb0    c0008eb0    00000188   00000188    r-- .c6xabi.exidx


SECTION ALLOCATION MAP

 output                                  attributes/
section   page    origin      length       input sections
--------  ----  ----------  ----------   ----------------
.stack     0    c0000000    00004000     UNINITIALIZED
                  c0000000    00000008     rts6740_elf_eh-744.lib : boot.obj (.stack)
                  c0000008    00003ff8     --HOLE--

.text      0    c0004000    00003b60     
                  c0004000    00000420     rts6740_elf_eh-744.lib : tdeh_pr_c6000.obj (.text:_Z14process_unwindP15_Unwind_Context15_Unwind_PR_KindPj)
                  c0004420    00000400                            : rtti.obj (.text:_Z28derived_to_base_conversion_rPvPS_PKN10__cxxabiv117__class_type_infoES4_jPiiS5_)
                  c0004820    00000320                            : tdeh_cpp_abi.obj (.text:__cxa_type_match)
                  c0004b40    00000280                            : memory.obj (.text:free)
                  c0004dc0    00000220                            : tdeh_pr_common.obj (.text:_Z14process_fespecP19_Unwind_Exception_s13_Unwind_PhaseP15_Unwind_ContextPPjjjP19_Unwind_Reason_CodePb)
                  c0004fe0    00000220                            : tdeh_pr_common.obj (.text:_Z24__TI_process_descriptors13_Unwind_PhaseP19_Unwind_Exception_sP15_Unwind_Context15_Unwind_PR_KindPjP19_Unwind_Reason_CodePb)
                  c0005200    00000220                            : tdeh_pr_c6000.obj (.text:_Z26process_unwind_pop_bitmaskP15_Unwind_Context15_Unwind_PR_Kindjbb)
                  c0005420    000001e0                            : tdeh_cpp_abi.obj (.text:__cxa_call_unexpected)
                  c0005600    000001a0                            : tdeh_pr_common.obj (.text:_Z13process_catchP19_Unwind_Exception_s13_Unwind_PhaseP15_Unwind_ContextPPjjjP19_Unwind_Reason_Code)
                  c00057a0    00000180                            : tdeh_pr_c6000.obj (.text:_Z18__TI_unwind_cpp_pr13_Unwind_PhaseP19_Unwind_Exception_sP15_Unwind_Context15_Unwind_PR_Kind)
                  c0005920    00000180                            : copy_decompress_rle.obj (.text:__TI_decompress_rle_core)
                  c0005aa0    00000180                            : memory.obj (.text:malloc)
                  c0005c20    00000140                            : tdeh_pr_c6000.obj (.text:_Z22process_unwind_pr3_pr4P15_Unwind_Context15_Unwind_PR_KindPj)
                  c0005d60    00000120                            : tdeh_pr_c6000.obj (.text:_Z16__TI_targ_set_prP19_Unwind_Exception_s)
                  c0005e80    00000120                            : tdeh_uwentry_c6000.obj (.text)
                  c0005fa0    00000100                            : tdeh_unwinder.obj (.text:_Z16find_et_setup_prP19_Unwind_Exception_sj)
                  c00060a0    00000100                            : autoinit.obj (.text:_auto_init_elf)
                  c00061a0    00000100                            : cpy_tbl.obj (.text:copy_in)
                  c00062a0    000000c0                            : tdeh_unwinder.obj (.text:_Z17__TI_unwind_frameP19_Unwind_Exception_sP15_Unwind_Context)
                  c0006360    000000c0                            : tdeh_unwinder.obj (.text:__TI_Unwind_RaiseException)
                  c0006420    000000c0                            : tdeh_cpp_abi.obj (.text:__cxa_allocate_exception)
                  c00064e0    000000c0                            : tdeh_cpp_abi.obj (.text:__cxa_end_catch)
                  c00065a0    000000c0                            : rtti.obj (.text:__derived_to_base_conversion)
                  c0006660    000000c0                            : bsearch.obj (.text:bsearch)
                  c0006720    000000c0                            : exit.obj (.text:exit)
                  c00067e0    000000c0                            : tls.obj (.text:tls:init:__TI_tls_init)
                  c00068a0    000000a0                            : tdeh_pr_common.obj (.text:_Z15process_cleanupP19_Unwind_Exception_s13_Unwind_PhaseP15_Unwind_ContextPPjjj)
                  c0006940    000000a0                            : tdeh_unwinder.obj (.text:__TI_Unwind_Resume)
                  c00069e0    000000a0                            : memory.obj (.text:_minit)
                  c0006a80    000000a0                            : memcpy64.obj (.text:memcpy)
                  c0006b20    000000a0                            : memory.obj (.text:minsert)
                  c0006bc0    000000a0                            : memory.obj (.text:mremove)
                  c0006c60    00000080                            : tdeh_pr_c6000.obj (.text:_Z12next_uw_byteP20_Unwind_Instr_Handle)
                  c0006ce0    00000080                            : tdeh_cpp_abi.obj (.text:__cxa_begin_catch)
                  c0006d60    00000080                            : tdeh_cpp_abi.obj (.text:__cxa_get_globals)
                  c0006de0    00000080                            : tdeh_cpp_abi.obj (.text:__cxa_rethrow)
                  c0006e60    00000080                            : boot.obj (.text:_c_int00)
                  c0006ee0    00000060                            : tdeh_cpp_abi.obj (.text:_Z10is_similarPKSt9type_infoS1_)
                  c0006f40    00000060                            : tdeh_pr_c6000.obj (.text:_Z12read_uleb128P20_Unwind_Instr_Handle)
                  c0006fa0    00000060                            : tdeh_cpp_abi.obj (.text:_Z15__TI_eb_acquirej)
                  c0007000    00000060                            : tdeh_pr_c6000.obj (.text:_Z29__TI_targ_unwind_regbuf_setupP19_Unwind_Exception_sP15_Unwind_Context)
                  c0007060    00000060                            : tdeh_cpp_abi.obj (.text:_Z37__TI_setup_handler_and_call_terminateP19_Unwind_Exception_s)
                  c00070c0    00000060                            : tdeh_pr_c6000.obj (.text:_Z8setup_uh15_Unwind_PR_KindPjP20_Unwind_Instr_Handle)
                  c0007120    00000060                            : typeinfo_.obj (.text:_ZNKSt9type_infoeqERKS_)
                  c0007180    00000060                            : tdeh_cpp_abi.obj (.text:_ZSt10unexpectedv)
                  c00071e0    00000060                            : tdeh_cpp_abi.obj (.text:_ZSt9terminatev)
                  c0007240    00000060                            : cpp_init.obj (.text:__TI_cpp_init)
                  c00072a0    00000060                            : tdeh_unwinder.obj (.text:__TI_ut_entry_cmp)
                  c0007300    00000060                            : tdeh_cpp_abi.obj (.text:__cxa_call_terminate)
                  c0007360    00000060                            : tdeh_cpp_abi.obj (.text:__cxa_throw)
                  c00073c0    00000040                            : tdeh_cpp_abi.obj (.text:_Z15__TI_eb_releaseP15__cxa_exception)
                  c0007400    00000040                            : typeinfo_.obj (.text:_ZNSt10bad_typeidC1Ev)
                  c0007440    00000040                            : tdeh_cpp_abi.obj (.text:_ZNSt13bad_exceptionC1EPKc)
                  c0007480    00000040                            : rtti.obj (.text:__cxa_bad_typeid)
                  c00074c0    00000040                            : tdeh_cpp_abi.obj (.text:__cxa_begin_cleanup)
                  c0007500    00000040                            : tdeh_cpp_abi.obj (.text:__cxa_free_exception)
                  c0007540    00000040                            : args_main.obj (.text:_args_main)
                  c0007580    00000020                            : tdeh_cpp_abi.obj (.text:_Z12__TI_eb_initv)
                  c00075a0    00000020                            : tdeh_unwinder.obj (.text:_Z13__TI_prel2absPKj)
                  c00075c0    00000020                            : tdeh_pr_c6000.obj (.text:_Z13regb_core_getP15_Unwind_Context14_Unwind_Reg_IdPj)
                  c00075e0    00000020                            : tdeh_pr_c6000.obj (.text:_Z13regb_core_setP15_Unwind_Context14_Unwind_Reg_Idj)
                  c0007600    00000020                            : tdeh_cpp_abi.obj (.text:_Z19cv_quals_of_pointeePKSt9type_info)
                  c0007620    00000020                            : tdeh_cpp_abi.obj (.text:_Z21any_qualifier_missingjj)
                  c0007640    00000020                            : tdeh_pr_c6000.obj (.text:_Z22__TI_targ_rtti_addressjP15_Unwind_Context)
                  c0007660    00000020                            : tdeh_pr_c6000.obj (.text:_Z23__TI_targ_regbuf_get_pcP15_Unwind_Context)
                  c0007680    00000020                            : tdeh_pr_c6000.obj (.text:_Z23__TI_targ_regbuf_get_sbP15_Unwind_Context)
                  c00076a0    00000020                            : tdeh_pr_c6000.obj (.text:_Z23__TI_targ_regbuf_get_spP15_Unwind_Context)
                  c00076c0    00000020                            : tdeh_pr_c6000.obj (.text:_Z23__TI_targ_regbuf_set_pcP15_Unwind_Contextj)
                  c00076e0    00000020                            : tdeh_pr_c6000.obj (.text:_Z24__TI_targ_regbuf_installP15_Unwind_Context)
                  c0007700    00000020                            : rtti.obj (.text:_Z24get_virtual_base_pointerPvPN10__cxxabiv122__base_class_type_infoE)
                  c0007720    00000020                            : tdeh_cpp_abi.obj (.text:_Z25__TI_default_term_handlerv)
                  c0007740    00000020                            : tdeh_cpp_abi.obj (.text:_Z26__TI_default_unexp_handlerv)
                  c0007760    00000020                            : tdeh_pr_c6000.obj (.text:_Z26__TI_targ_setup_call_parm0P15_Unwind_Contextj)
                  c0007780    00000020                            : tdeh_cpp_abi.obj (.text:_Z8is_constj)
                  c00077a0    00000020                            : typeinfo_.obj (.text:_ZN10__cxxabiv117__class_type_infoD0Ev)
                  c00077c0    00000020                            : typeinfo_.obj (.text:_ZN10__cxxabiv117__class_type_infoD1Ev)
                  c00077e0    00000020                            : typeinfo_.obj (.text:_ZN10__cxxabiv120__si_class_type_infoD0Ev)
                  c0007800    00000020                            : typeinfo_.obj (.text:_ZN10__cxxabiv120__si_class_type_infoD1Ev)
                  c0007820    00000020                            : typeinfo_.obj (.text:_ZN10__cxxabiv123__fundamental_type_infoD0Ev)
                  c0007840    00000020                            : typeinfo_.obj (.text:_ZN10__cxxabiv123__fundamental_type_infoD1Ev)
                  c0007860    00000020                            : typeinfo_.obj (.text:_ZNKSt10bad_typeid4whatEv)
                  c0007880    00000020                            : tdeh_cpp_abi.obj (.text:_ZNKSt9exception4whatEv)
                  c00078a0    00000020                            : typeinfo_.obj (.text:_ZNKSt9type_info4nameEv)
                  c00078c0    00000020                            : typeinfo_.obj (.text:_ZNSt10bad_typeidD0Ev)
                  c00078e0    00000020                            : typeinfo_.obj (.text:_ZNSt10bad_typeidD1Ev)
                  c0007900    00000020                            : tdeh_cpp_abi.obj (.text:_ZNSt13bad_exceptionD0Ev)
                  c0007920    00000020                            : tdeh_cpp_abi.obj (.text:_ZNSt13bad_exceptionD1Ev)
                  c0007940    00000020                            : tdeh_cpp_abi.obj (.text:_ZNSt9exceptionC1EPKc)
                  c0007960    00000020                            : tdeh_cpp_abi.obj (.text:_ZNSt9exceptionD0Ev)
                  c0007980    00000020                            : tdeh_cpp_abi.obj (.text:_ZNSt9exceptionD1Ev)
                  c00079a0    00000020                            : delete.obj (.text:_ZdlPv)
                  c00079c0    00000020                            : tdeh_cpp_abi.obj (.text:__TI_cxa_end_cleanup)
                  c00079e0    00000020                            : error.obj (.text:__abort_execution)
                  c0007a00    00000020                            : tdeh_pr_c6000.obj (.text:__c6xabi_unwind_cpp_pr0)
                  c0007a20    00000020                            : tdeh_pr_c6000.obj (.text:__c6xabi_unwind_cpp_pr1)
                  c0007a40    00000020                            : tdeh_pr_c6000.obj (.text:__c6xabi_unwind_cpp_pr2)
                  c0007a60    00000020                            : tdeh_pr_c6000.obj (.text:__c6xabi_unwind_cpp_pr3)
                  c0007a80    00000020                            : tdeh_pr_c6000.obj (.text:__c6xabi_unwind_cpp_pr4)
                  c0007aa0    00000020                            : tdeh_init.obj (.text:__tdeh_init)
                  c0007ac0    00000020                            : _lock.obj (.text:_nop)
                  c0007ae0    00000020                            : exit.obj (.text:abort)
                  c0007b00    00000020                            : copy_decompress_none.obj (.text:decompress:none:__TI_decompress_none)
                  c0007b20    00000020                            : copy_decompress_rle.obj (.text:decompress:rle24:__TI_decompress_rle24)
                  c0007b40    00000020     q30-initarray.obj (.text)

.sysmem    0    c0007b60    00001000     UNINITIALIZED
                  c0007b60    00000008     rts6740_elf_eh-744.lib : memory.obj (.sysmem)
                  c0007b68    00000ff8     --HOLE--

.const     0    c0008b60    00000282     
                  c0008b60    00000028     rts6740_elf_eh-744.lib : typeinfo_.obj (.const:.string:_ZTSN10__cxxabiv123__fundamental_type_infoE)
                  c0008b88    00000026                            : typeinfo_.obj (.const:.string:_ZTSN10__cxxabiv121__vmi_class_type_infoE)
                  c0008bae    00000002     --HOLE-- [fill = 0]
                  c0008bb0    00000025                            : typeinfo_.obj (.const:.string:_ZTSN10__cxxabiv120__si_class_type_infoE)
                  c0008bd5    00000003     --HOLE-- [fill = 0]
                  c0008bd8    00000024                            : typeinfo_.obj (.const:.string:_ZTSN10__cxxabiv119__pointer_type_infoE)
                  c0008bfc    00000004     --HOLE-- [fill = 0]
                  c0008c00    00000022                            : typeinfo_.obj (.const:.string:_ZTSN10__cxxabiv117__class_type_infoE)
                  c0008c22    00000006     --HOLE-- [fill = 0]
                  c0008c28    00000022                            : typeinfo_.obj (.const:.string:_ZTSN10__cxxabiv117__pbase_type_infoE)
                  c0008c4a    00000017                            : tdeh_cpp_abi.obj (.const:.string)
                  c0008c61    00000007     --HOLE-- [fill = 0]
                  c0008c68    00000014                            : typeinfo_.obj (.const:_ZTVSt10bad_typeid)
                  c0008c7c    00000004     --HOLE-- [fill = 0]
                  c0008c80    00000014                            : tdeh_cpp_abi.obj (.const:_ZTVSt13bad_exception)
                  c0008c94    00000004     --HOLE-- [fill = 0]
                  c0008c98    00000014                            : tdeh_cpp_abi.obj (.const:_ZTVSt9exception)
                  c0008cac    00000004     --HOLE-- [fill = 0]
                  c0008cb0    00000012                            : tdeh_cpp_abi.obj (.const:.string:_ZTSSt13bad_exception)
                  c0008cc2    00000006     --HOLE-- [fill = 0]
                  c0008cc8    00000010                            : tdeh_pr_c6000.obj (.const:.string:BM_from_id_data)
                  c0008cd8    00000010                            : typeinfo_.obj (.const:_ZTVN10__cxxabiv117__class_type_infoE)
                  c0008ce8    00000010                            : typeinfo_.obj (.const:_ZTVN10__cxxabiv120__si_class_type_infoE)
                  c0008cf8    00000010                            : typeinfo_.obj (.const:_ZTVN10__cxxabiv123__fundamental_type_infoE)
                  c0008d08    0000000f                            : typeinfo_.obj (.const:.string:_ZTSSt10bad_typeid)
                  c0008d17    00000001     --HOLE-- [fill = 0]
                  c0008d18    0000000d                            : tdeh_pr_c6000.obj (.const:.string:$P$T0$1)
                  c0008d25    00000003     --HOLE-- [fill = 0]
                  c0008d28    0000000d                            : tdeh_cpp_abi.obj (.const:.string:_ZTSSt9exception)
                  c0008d35    00000003     --HOLE-- [fill = 0]
                  c0008d38    0000000d                            : typeinfo_.obj (.const:.string:_ZTSSt9type_info)
                  c0008d45    00000003     --HOLE-- [fill = 0]
                  c0008d48    0000000d                            : tdeh_pr_c6000.obj (.const:.string:id_from_SD_data)
                  c0008d55    00000003     --HOLE-- [fill = 0]
                  c0008d58    0000000c                            : typeinfo_.obj (.const:_ZTIN10__cxxabiv117__class_type_infoE)
                  c0008d64    0000000c                            : typeinfo_.obj (.const:_ZTIN10__cxxabiv117__pbase_type_infoE)
                  c0008d70    0000000c                            : typeinfo_.obj (.const:_ZTIN10__cxxabiv119__pointer_type_infoE)
                  c0008d7c    0000000c                            : typeinfo_.obj (.const:_ZTIN10__cxxabiv120__si_class_type_infoE)
                  c0008d88    0000000c                            : typeinfo_.obj (.const:_ZTIN10__cxxabiv121__vmi_class_type_infoE)
                  c0008d94    0000000c                            : typeinfo_.obj (.const:_ZTIN10__cxxabiv123__fundamental_type_infoE)
                  c0008da0    0000000c                            : typeinfo_.obj (.const:_ZTISt10bad_typeid)
                  c0008dac    0000000c                            : tdeh_cpp_abi.obj (.const:_ZTISt13bad_exception)
                  c0008db8    00000009                            : typeinfo_.obj (.const:.string)
                  c0008dc1    00000003     --HOLE-- [fill = 0]
                  c0008dc4    00000008                            : tdeh_cpp_abi.obj (.const:_ZTISt9exception)
                  c0008dcc    00000008                            : typeinfo_.obj (.const:_ZTISt9type_info)
                  c0008dd4    00000008                            : tdeh_cpp_abi.obj (.const:_ZTIv)
                  c0008ddc    00000004     --HOLE-- [fill = 0]
                  c0008de0    00000002                            : tdeh_cpp_abi.obj (.const:.string:_ZTSv)

.c6xabi.extab 
*          0    c0008de4    0000005c     
                  c0008de4    00000030     rts6740_elf_eh-744.lib : tdeh_cpp_abi.obj (.c6xabi.extab:__cxa_call_unexpected)
                  c0008e14    0000001c                            : tdeh_cpp_abi.obj (.c6xabi.extab:__cxa_end_catch)
                  c0008e30    00000010                            : delete.obj (.c6xabi.extab:_ZdlPv)

.fardata   0    c0008e40    00000024     
                  c0008e40    0000000c     rts6740_elf_eh-744.lib : exit.obj (.fardata)
                  c0008e4c    0000000c                            : memory.obj (.fardata)
                  c0008e58    00000008                            : _lock.obj (.fardata)
                  c0008e60    00000004                            : tdeh_cpp_abi.obj (.fardata)

.switch    0    c0008e64    00000014     
                  c0008e64    00000014     rts6740_elf_eh-744.lib : tdeh_pr_c6000.obj (.switch:_Z16__TI_targ_set_prP19_Unwind_Exception_s)

.init_array 
*          0    c0008e78    00000004     
                  c0008e78    00000004     q30-initarray.obj (.init_array)

.cinit     0    c0008e7c    00000034     
                  c0008e7c    00000023     (.cinit..fardata.load) [load image, compression = rle]
                  c0008e9f    00000001     --HOLE-- [fill = 0]
                  c0008ea0    00000008     (__TI_handler_table)
                  c0008ea8    00000008     (__TI_cinit_table)

.c6xabi.exidx 
*          0    c0008eb0    00000188     
                  c0008eb0    00000008     (.c6xabi.exidx.text:_Z14process_unwindP15_Unwind_Context15_Unwind_PR_KindPj:rts6740_elf_eh-744.lib<tdeh_pr_c6000.obj>)
                  c0008eb8    00000008     rts6740_elf_eh-744.lib : rtti.obj (.c6xabi.exidx:.text:_Z28derived_to_base_conversion_rPvPS_PKN10__cxxabiv117__class_type_infoES4_jPiiS5_)
                  c0008ec0    00000008                            : tdeh_cpp_abi.obj (.c6xabi.exidx:.text:__cxa_type_match)
                  c0008ec8    00000008     (.c6xabi.exidx.text:free:rts6740_elf_eh-744.lib<memory.obj>)
                  c0008ed0    00000008                            : tdeh_pr_common.obj (.c6xabi.exidx:.text:_Z14process_fespecP19_Unwind_Exception_s13_Unwind_PhaseP15_Unwind_ContextPPjjjP19_Unwind_Reason_CodePb)
                  c0008ed8    00000008     (.c6xabi.exidx.text:_Z26process_unwind_pop_bitmaskP15_Unwind_Context15_Unwind_PR_Kindjbb:rts6740_elf_eh-744.lib<tdeh_pr_c6000.obj>)
                  c0008ee0    00000008                            : tdeh_cpp_abi.obj (.c6xabi.exidx:.text:__cxa_call_unexpected)
                  c0008ee8    00000008                            : tdeh_pr_common.obj (.c6xabi.exidx:.text:_Z13process_catchP19_Unwind_Exception_s13_Unwind_PhaseP15_Unwind_ContextPPjjjP19_Unwind_Reason_Code)
                  c0008ef0    00000008                            : tdeh_pr_c6000.obj (.c6xabi.exidx:.text:_Z18__TI_unwind_cpp_pr13_Unwind_PhaseP19_Unwind_Exception_sP15_Unwind_Context15_Unwind_PR_Kind)
                  c0008ef8    00000008     (.c6xabi.exidx.text:__TI_decompress_rle_core:rts6740_elf_eh-744.lib<copy_decompress_rle.obj>)
                  c0008f00    00000008                            : tdeh_pr_c6000.obj (.c6xabi.exidx:.text:_Z16__TI_targ_set_prP19_Unwind_Exception_s)
                  c0008f08    00000008     (.c6xabi.exidx.text:rts6740_elf_eh-744.lib<tdeh_uwentry_c6000.obj>)
                  c0008f10    00000008                            : tdeh_unwinder.obj (.c6xabi.exidx:.text:_Z16find_et_setup_prP19_Unwind_Exception_sj)
                  c0008f18    00000008     (.c6xabi.exidx.text:_auto_init_elf:rts6740_elf_eh-744.lib<autoinit.obj>)
                  c0008f20    00000008                            : tdeh_unwinder.obj (.c6xabi.exidx:.text:_Z17__TI_unwind_frameP19_Unwind_Exception_sP15_Unwind_Context)
                  c0008f28    00000008                            : tdeh_unwinder.obj (.c6xabi.exidx:.text:__TI_Unwind_RaiseException)
                  c0008f30    00000008                            : tdeh_cpp_abi.obj (.c6xabi.exidx:.text:__cxa_allocate_exception)
                  c0008f38    00000008                            : tdeh_cpp_abi.obj (.c6xabi.exidx:.text:__cxa_end_catch)
                  c0008f40    00000008                            : rtti.obj (.c6xabi.exidx:.text:__derived_to_base_conversion)
                  c0008f48    00000008     (.c6xabi.exidx.text:bsearch:rts6740_elf_eh-744.lib<bsearch.obj>)
                  c0008f50    00000008                            : tdeh_pr_common.obj (.c6xabi.exidx:.text:_Z15process_cleanupP19_Unwind_Exception_s13_Unwind_PhaseP15_Unwind_ContextPPjjj)
                  c0008f58    00000008                            : tdeh_unwinder.obj (.c6xabi.exidx:.text:__TI_Unwind_Resume)
                  c0008f60    00000008     (.c6xabi.exidx.text:_minit:rts6740_elf_eh-744.lib<memory.obj>)
                  c0008f68    00000008                            : tdeh_cpp_abi.obj (.c6xabi.exidx:.text:__cxa_begin_catch)
                  c0008f70    00000008                            : tdeh_cpp_abi.obj (.c6xabi.exidx:.text:__cxa_get_globals)
                  c0008f78    00000008     (.c6xabi.exidx.text:_c_int00:rts6740_elf_eh-744.lib<boot.obj>)
                  c0008f80    00000008                            : tdeh_cpp_abi.obj (.c6xabi.exidx:.text:_Z10is_similarPKSt9type_infoS1_)
                  c0008f88    00000008     (.c6xabi.exidx.text:_Z12read_uleb128P20_Unwind_Instr_Handle:rts6740_elf_eh-744.lib<tdeh_pr_c6000.obj>)
                  c0008f90    00000008                            : tdeh_cpp_abi.obj (.c6xabi.exidx:.text:_Z15__TI_eb_acquirej)
                  c0008f98    00000008                            : tdeh_pr_c6000.obj (.c6xabi.exidx:.text:_Z29__TI_targ_unwind_regbuf_setupP19_Unwind_Exception_sP15_Unwind_Context)
                  c0008fa0    00000008                            : tdeh_cpp_abi.obj (.c6xabi.exidx:.text:_Z37__TI_setup_handler_and_call_terminateP19_Unwind_Exception_s)
                  c0008fa8    00000008     (.c6xabi.exidx.text:_Z8setup_uh15_Unwind_PR_KindPjP20_Unwind_Instr_Handle:rts6740_elf_eh-744.lib<tdeh_pr_c6000.obj>)
                  c0008fb0    00000008                            : tdeh_cpp_abi.obj (.c6xabi.exidx:.text:_ZSt10unexpectedv)
                  c0008fb8    00000008     (.c6xabi.exidx.text:__TI_cpp_init:rts6740_elf_eh-744.lib<cpp_init.obj>)
                  c0008fc0    00000008                            : tdeh_cpp_abi.obj (.c6xabi.exidx:.text:__cxa_call_terminate)
                  c0008fc8    00000008                            : tdeh_cpp_abi.obj (.c6xabi.exidx:.text:__cxa_throw)
                  c0008fd0    00000008                            : tdeh_cpp_abi.obj (.c6xabi.exidx:.text:_Z15__TI_eb_releaseP15__cxa_exception)
                  c0008fd8    00000008     (.c6xabi.exidx.text:_ZNSt10bad_typeidC1Ev:rts6740_elf_eh-744.lib<typeinfo_.obj>)
                  c0008fe0    00000008                            : rtti.obj (.c6xabi.exidx:.text:__cxa_bad_typeid)
                  c0008fe8    00000008     (.c6xabi.exidx.text:_args_main:rts6740_elf_eh-744.lib<args_main.obj>)
                  c0008ff0    00000008                            : tdeh_cpp_abi.obj (.c6xabi.exidx:.text:_Z12__TI_eb_initv)
                  c0008ff8    00000008     (.c6xabi.exidx.text:_Z13__TI_prel2absPKj:rts6740_elf_eh-744.lib<tdeh_unwinder.obj>)
                  c0009000    00000008                            : tdeh_pr_c6000.obj (.c6xabi.exidx:.text:_Z24__TI_targ_regbuf_installP15_Unwind_Context)
                  c0009008    00000008     (.c6xabi.exidx.text:_Z24get_virtual_base_pointerPvPN10__cxxabiv122__base_class_type_infoE:rts6740_elf_eh-744.lib<rtti.obj>)
                  c0009010    00000008                            : tdeh_cpp_abi.obj (.c6xabi.exidx:.text:_Z25__TI_default_term_handlerv)
                  c0009018    00000008     (.c6xabi.exidx.text:_Z26__TI_targ_setup_call_parm0P15_Unwind_Contextj:rts6740_elf_eh-744.lib<tdeh_pr_c6000.obj>)
                  c0009020    00000008                            : delete.obj (.c6xabi.exidx:.text:_ZdlPv)
                  c0009028    00000008                            : tdeh_cpp_abi.obj (.c6xabi.exidx:.text:__TI_cxa_end_cleanup)
                  c0009030    00000008     (.c6xabi.exidx.text:_nop:rts6740_elf_eh-744.lib<_lock.obj>)


LINKER GENERATED COPY TABLES

__TI_cinit_table @ c0008ea8 records: 1, size/record: 8, table size: 8
	.fardata: load addr=c0008e7c, load size=00000023 bytes, run addr=c0008e40, run size=00000024 bytes, compression=rle


LINKER GENERATED HANDLER TABLE

__TI_handler_table @ c0008ea0 records: 2, size/record: 4, table size: 8
	index: 0, handler: __TI_decompress_rle24
	index: 1, handler: __TI_decompress_none


GLOBAL SYMBOLS: SORTED ALPHABETICALLY BY Name 

address    name
--------   ----
c0007ae0   C$$EXIT
c0005e80   _Unwind_RaiseException
c0005eb8   _Unwind_Resume
c00075a0   _Z13__TI_prel2absPKj
c0005d60   _Z16__TI_targ_set_prP19_Unwind_Exception_s
c0007640   _Z22__TI_targ_rtti_addressjP15_Unwind_Context
c0007660   _Z23__TI_targ_regbuf_get_pcP15_Unwind_Context
c0007680   _Z23__TI_targ_regbuf_get_sbP15_Unwind_Context
c00076a0   _Z23__TI_targ_regbuf_get_spP15_Unwind_Context
c00076c0   _Z23__TI_targ_regbuf_set_pcP15_Unwind_Contextj
c0004fe0   _Z24__TI_process_descriptors13_Unwind_PhaseP19_Unwind_Exception_sP15_Unwind_Context15_Unwind_PR_KindPjP19_Unwind_Reason_CodePb
c00076e0   _Z24__TI_targ_regbuf_installP15_Unwind_Context
c0007760   _Z26__TI_targ_setup_call_parm0P15_Unwind_Contextj
c0007000   _Z29__TI_targ_unwind_regbuf_setupP19_Unwind_Exception_sP15_Unwind_Context
c00077a0   _ZN10__cxxabiv117__class_type_infoD0Ev
c00077c0   _ZN10__cxxabiv117__class_type_infoD1Ev
c00077c0   _ZN10__cxxabiv117__class_type_infoD2Ev
c00077e0   _ZN10__cxxabiv120__si_class_type_infoD0Ev
c0007800   _ZN10__cxxabiv120__si_class_type_infoD1Ev
c0007800   _ZN10__cxxabiv120__si_class_type_infoD2Ev
c0007820   _ZN10__cxxabiv123__fundamental_type_infoD0Ev
c0007840   _ZN10__cxxabiv123__fundamental_type_infoD1Ev
c0007840   _ZN10__cxxabiv123__fundamental_type_infoD2Ev
c0007860   _ZNKSt10bad_typeid4whatEv
c0007880   _ZNKSt9exception4whatEv
c00078a0   _ZNKSt9type_info4nameEv
c0007120   _ZNKSt9type_infoeqERKS_
c0007400   _ZNSt10bad_typeidC1Ev
c0007400   _ZNSt10bad_typeidC2Ev
c00078c0   _ZNSt10bad_typeidD0Ev
c00078e0   _ZNSt10bad_typeidD1Ev
c00078e0   _ZNSt10bad_typeidD2Ev
c0007440   _ZNSt13bad_exceptionC1EPKc
c0007900   _ZNSt13bad_exceptionD0Ev
c0007920   _ZNSt13bad_exceptionD1Ev
c0007940   _ZNSt9exceptionC1EPKc
c0007960   _ZNSt9exceptionD0Ev
c0007980   _ZNSt9exceptionD1Ev
c0007180   _ZSt10unexpectedv
c00071e0   _ZSt9terminatev
c0008d58   _ZTIN10__cxxabiv117__class_type_infoE
c0008d64   _ZTIN10__cxxabiv117__pbase_type_infoE
c0008d70   _ZTIN10__cxxabiv119__pointer_type_infoE
c0008d7c   _ZTIN10__cxxabiv120__si_class_type_infoE
c0008d88   _ZTIN10__cxxabiv121__vmi_class_type_infoE
c0008d94   _ZTIN10__cxxabiv123__fundamental_type_infoE
c0008da0   _ZTISt10bad_typeid
c0008dac   _ZTISt13bad_exception
c0008dc4   _ZTISt9exception
c0008dcc   _ZTISt9type_info
c0008dd4   _ZTIv
c0008c00   _ZTSN10__cxxabiv117__class_type_infoE
c0008c28   _ZTSN10__cxxabiv117__pbase_type_infoE
c0008bd8   _ZTSN10__cxxabiv119__pointer_type_infoE
c0008bb0   _ZTSN10__cxxabiv120__si_class_type_infoE
c0008b88   _ZTSN10__cxxabiv121__vmi_class_type_infoE
c0008b60   _ZTSN10__cxxabiv123__fundamental_type_infoE
c0008d08   _ZTSSt10bad_typeid
c0008cb0   _ZTSSt13bad_exception
c0008d28   _ZTSSt9exception
c0008d38   _ZTSSt9type_info
c0008de0   _ZTSv
c0008cd8   _ZTVN10__cxxabiv117__class_type_infoE
c0008ce8   _ZTVN10__cxxabiv120__si_class_type_infoE
c0008cf8   _ZTVN10__cxxabiv123__fundamental_type_infoE
c0008c68   _ZTVSt10bad_typeid
c0008c80   _ZTVSt13bad_exception
c0008c98   _ZTVSt9exception
c00079a0   _ZdlPv
c0008ea8   __TI_CINIT_Base
c0008eb0   __TI_CINIT_Limit
c0008ea0   __TI_Handler_Table_Base
c0008ea8   __TI_Handler_Table_Limit
c0008e78   __TI_INITARRAY_Base
c0008e7c   __TI_INITARRAY_Limit
c0005ec8   __TI_Install_CoreRegs
c0004000   __TI_STACK_END
00004000   __TI_STACK_SIZE
00000000   __TI_STATIC_BASE
00001000   __TI_SYSMEM_SIZE
UNDEFED    __TI_TLS_INIT_Base
UNDEFED    __TI_TLS_INIT_Limit
c0009038   __TI_UNWIND_TABLE_END
c0008eb0   __TI_UNWIND_TABLE_START
c0006360   __TI_Unwind_RaiseException
c0006940   __TI_Unwind_Resume
00000001   __TI_args_main
c0007240   __TI_cpp_init
c00079c0   __TI_cxa_end_cleanup
c0007b00   __TI_decompress_none
c0007b20   __TI_decompress_rle24
c0008e48   __TI_enable_exit_profile_output
ffffffff   __TI_pprof_out_hndl
ffffffff   __TI_prof_data_size
ffffffff   __TI_prof_data_start
c00067e0   __TI_tls_init
c00072a0   __TI_ut_entry_cmp
c00079e0   __abort_execution
ffffffff   __binit__
c0007a00   __c6xabi_unwind_cpp_pr0
c0007a20   __c6xabi_unwind_cpp_pr1
c0007a40   __c6xabi_unwind_cpp_pr2
c0007a60   __c6xabi_unwind_cpp_pr3
c0007a80   __c6xabi_unwind_cpp_pr4
ffffffff   __c_args__
c0006420   __cxa_allocate_exception
c0007480   __cxa_bad_typeid
c0006ce0   __cxa_begin_catch
c00074c0   __cxa_begin_cleanup
c0007300   __cxa_call_terminate
c0005420   __cxa_call_unexpected
c00064e0   __cxa_end_catch
c0005ef4   __cxa_end_cleanup
c0007500   __cxa_free_exception
c0006d60   __cxa_get_globals
c0006de0   __cxa_rethrow
c0007360   __cxa_throw
c0004820   __cxa_type_match
c00065a0   __derived_to_base_conversion
c0007aa0   __tdeh_init
c0007540   _args_main
c00060a0   _auto_init_elf
c0006e60   _c_int00
c0008e40   _cleanup_ptr
c0008e44   _dtors_ptr
c0008e58   _lock
c00069e0   _minit
c0007ac0   _nop
c0000000   _stack
c0007b60   _sys_memory
c0008e5c   _unlock
c0007ae0   abort
ffffffff   binit
c0006660   bsearch
c00061a0   copy_in
c0006720   exit
c0004b40   free
c0007b40   init
c0007b44   main
c0005aa0   malloc
c0006a80   memcpy


GLOBAL SYMBOLS: SORTED BY Symbol Address 

address    name
--------   ----
00000000   __TI_STATIC_BASE
00000001   __TI_args_main
00001000   __TI_SYSMEM_SIZE
00004000   __TI_STACK_SIZE
c0000000   _stack
c0004000   __TI_STACK_END
c0004820   __cxa_type_match
c0004b40   free
c0004fe0   _Z24__TI_process_descriptors13_Unwind_PhaseP19_Unwind_Exception_sP15_Unwind_Context15_Unwind_PR_KindPjP19_Unwind_Reason_CodePb
c0005420   __cxa_call_unexpected
c0005aa0   malloc
c0005d60   _Z16__TI_targ_set_prP19_Unwind_Exception_s
c0005e80   _Unwind_RaiseException
c0005eb8   _Unwind_Resume
c0005ec8   __TI_Install_CoreRegs
c0005ef4   __cxa_end_cleanup
c00060a0   _auto_init_elf
c00061a0   copy_in
c0006360   __TI_Unwind_RaiseException
c0006420   __cxa_allocate_exception
c00064e0   __cxa_end_catch
c00065a0   __derived_to_base_conversion
c0006660   bsearch
c0006720   exit
c00067e0   __TI_tls_init
c0006940   __TI_Unwind_Resume
c00069e0   _minit
c0006a80   memcpy
c0006ce0   __cxa_begin_catch
c0006d60   __cxa_get_globals
c0006de0   __cxa_rethrow
c0006e60   _c_int00
c0007000   _Z29__TI_targ_unwind_regbuf_setupP19_Unwind_Exception_sP15_Unwind_Context
c0007120   _ZNKSt9type_infoeqERKS_
c0007180   _ZSt10unexpectedv
c00071e0   _ZSt9terminatev
c0007240   __TI_cpp_init
c00072a0   __TI_ut_entry_cmp
c0007300   __cxa_call_terminate
c0007360   __cxa_throw
c0007400   _ZNSt10bad_typeidC1Ev
c0007400   _ZNSt10bad_typeidC2Ev
c0007440   _ZNSt13bad_exceptionC1EPKc
c0007480   __cxa_bad_typeid
c00074c0   __cxa_begin_cleanup
c0007500   __cxa_free_exception
c0007540   _args_main
c00075a0   _Z13__TI_prel2absPKj
c0007640   _Z22__TI_targ_rtti_addressjP15_Unwind_Context
c0007660   _Z23__TI_targ_regbuf_get_pcP15_Unwind_Context
c0007680   _Z23__TI_targ_regbuf_get_sbP15_Unwind_Context
c00076a0   _Z23__TI_targ_regbuf_get_spP15_Unwind_Context
c00076c0   _Z23__TI_targ_regbuf_set_pcP15_Unwind_Contextj
c00076e0   _Z24__TI_targ_regbuf_installP15_Unwind_Context
c0007760   _Z26__TI_targ_setup_call_parm0P15_Unwind_Contextj
c00077a0   _ZN10__cxxabiv117__class_type_infoD0Ev
c00077c0   _ZN10__cxxabiv117__class_type_infoD1Ev
c00077c0   _ZN10__cxxabiv117__class_type_infoD2Ev
c00077e0   _ZN10__cxxabiv120__si_class_type_infoD0Ev
c0007800   _ZN10__cxxabiv120__si_class_type_infoD1Ev
c0007800   _ZN10__cxxabiv120__si_class_type_infoD2Ev
c0007820   _ZN10__cxxabiv123__fundamental_type_infoD0Ev
c0007840   _ZN10__cxxabiv123__fundamental_type_infoD1Ev
c0007840   _ZN10__cxxabiv123__fundamental_type_infoD2Ev
c0007860   _ZNKSt10bad_typeid4whatEv
c0007880   _ZNKSt9exception4whatEv
c00078a0   _ZNKSt9type_info4nameEv
c00078c0   _ZNSt10bad_typeidD0Ev
c00078e0   _ZNSt10bad_typeidD1Ev
c00078e0   _ZNSt10bad_typeidD2Ev
c0007900   _ZNSt13bad_exceptionD0Ev
c0007920   _ZNSt13bad_exceptionD1Ev
c0007940   _ZNSt9exceptionC1EPKc
c0007960   _ZNSt9exceptionD0Ev
c0007980   _ZNSt9exceptionD1Ev
c00079a0   _ZdlPv
c00079c0   __TI_cxa_end_cleanup
c00079e0   __abort_execution
c0007a00   __c6xabi_unwind_cpp_pr0
c0007a20   __c6xabi_unwind_cpp_pr1
c0007a40   __c6xabi_unwind_cpp_pr2
c0007a60   __c6xabi_unwind_cpp_pr3
c0007a80   __c6xabi_unwind_cpp_pr4
c0007aa0   __tdeh_init
c0007ac0   _nop
c0007ae0   C$$EXIT
c0007ae0   abort
c0007b00   __TI_decompress_none
c0007b20   __TI_decompress_rle24
c0007b40   init
c0007b44   main
c0007b60   _sys_memory
c0008b60   _ZTSN10__cxxabiv123__fundamental_type_infoE
c0008b88   _ZTSN10__cxxabiv121__vmi_class_type_infoE
c0008bb0   _ZTSN10__cxxabiv120__si_class_type_infoE
c0008bd8   _ZTSN10__cxxabiv119__pointer_type_infoE
c0008c00   _ZTSN10__cxxabiv117__class_type_infoE
c0008c28   _ZTSN10__cxxabiv117__pbase_type_infoE
c0008c68   _ZTVSt10bad_typeid
c0008c80   _ZTVSt13bad_exception
c0008c98   _ZTVSt9exception
c0008cb0   _ZTSSt13bad_exception
c0008cd8   _ZTVN10__cxxabiv117__class_type_infoE
c0008ce8   _ZTVN10__cxxabiv120__si_class_type_infoE
c0008cf8   _ZTVN10__cxxabiv123__fundamental_type_infoE
c0008d08   _ZTSSt10bad_typeid
c0008d28   _ZTSSt9exception
c0008d38   _ZTSSt9type_info
c0008d58   _ZTIN10__cxxabiv117__class_type_infoE
c0008d64   _ZTIN10__cxxabiv117__pbase_type_infoE
c0008d70   _ZTIN10__cxxabiv119__pointer_type_infoE
c0008d7c   _ZTIN10__cxxabiv120__si_class_type_infoE
c0008d88   _ZTIN10__cxxabiv121__vmi_class_type_infoE
c0008d94   _ZTIN10__cxxabiv123__fundamental_type_infoE
c0008da0   _ZTISt10bad_typeid
c0008dac   _ZTISt13bad_exception
c0008dc4   _ZTISt9exception
c0008dcc   _ZTISt9type_info
c0008dd4   _ZTIv
c0008de0   _ZTSv
c0008e40   _cleanup_ptr
c0008e44   _dtors_ptr
c0008e48   __TI_enable_exit_profile_output
c0008e58   _lock
c0008e5c   _unlock
c0008e78   __TI_INITARRAY_Base
c0008e7c   __TI_INITARRAY_Limit
c0008ea0   __TI_Handler_Table_Base
c0008ea8   __TI_CINIT_Base
c0008ea8   __TI_Handler_Table_Limit
c0008eb0   __TI_CINIT_Limit
c0008eb0   __TI_UNWIND_TABLE_START
c0009038   __TI_UNWIND_TABLE_END
ffffffff   __TI_pprof_out_hndl
ffffffff   __TI_prof_data_size
ffffffff   __TI_prof_data_start
ffffffff   __binit__
ffffffff   __c_args__
ffffffff   binit
UNDEFED    __TI_TLS_INIT_Base
UNDEFED    __TI_TLS_INIT_Limit

[141 symbols]
